Component: ARM Compiler 5.06 update 6 (build 750) Tool: armlink [4d35ed]

==============================================================================

Section Cross References

    main.o(i.LCD_7725DATA) refers to stm32l4xx_hal_gpio.o(i.HAL_GPIO_ReadPin) for HAL_GPIO_ReadPin
    main.o(i.OV7725_camera_refresh) refers to malloc.o(i.mymalloc) for mymalloc
    main.o(i.OV7725_camera_refresh) refers to key.o(i.KEY_Scan) for KEY_Scan
    main.o(i.OV7725_camera_refresh) refers to lcd.o(i.LCD_Address_Set) for LCD_Address_Set
    main.o(i.OV7725_camera_refresh) refers to stm32l4xx_hal_gpio.o(i.HAL_GPIO_WritePin) for HAL_GPIO_WritePin
    main.o(i.OV7725_camera_refresh) refers to main.o(i.LCD_7725DATA) for LCD_7725DATA
    main.o(i.OV7725_camera_refresh) refers to wifista.o(i.sendphoto) for sendphoto
    main.o(i.OV7725_camera_refresh) refers to lcd.o(i.LCD_SPI_Send) for LCD_SPI_Send
    main.o(i.OV7725_camera_refresh) refers to exti.o(.data) for ov_sta
    main.o(i.OV7725_camera_refresh) refers to main.o(.bss) for .bss
    main.o(i.OV7725_camera_refresh) refers to timer.o(.data) for ov_frame
    main.o(i.main) refers to stm32l4xx_hal.o(i.HAL_Init) for HAL_Init
    main.o(i.main) refers to sys.o(i.SystemClock_Config) for SystemClock_Config
    main.o(i.main) refers to delay.o(i.delay_init) for delay_init
    main.o(i.main) refers to usart.o(i.uart_init) for uart_init
    main.o(i.main) refers to led.o(i.LED_Init) for LED_Init
    main.o(i.main) refers to lcd.o(i.LCD_Init) for LCD_Init
    main.o(i.main) refers to key.o(i.KEY_Init) for KEY_Init
    main.o(i.main) refers to beep.o(i.BEEP_Init) for BEEP_Init
    main.o(i.main) refers to rc522.o(i.RC522_Init) for RC522_Init
    main.o(i.main) refers to wifista.o(i.jieshou) for jieshou
    main.o(i.main) refers to lcd.o(i.LCD_Clear) for LCD_Clear
    main.o(i.main) refers to lcd.o(i.LCD_ShowString) for LCD_ShowString
    main.o(i.main) refers to delay.o(i.delay_ms) for delay_ms
    main.o(i.main) refers to lcd.o(i.LCD_Fill) for LCD_Fill
    main.o(i.main) refers to aht10.o(i.AHT10_Init) for AHT10_Init
    main.o(i.main) refers to ov7725.o(i.OV7725_Init) for OV7725_Init
    main.o(i.main) refers to ov7725.o(i.OV7725_Window_Set) for OV7725_Window_Set
    main.o(i.main) refers to ov7725.o(i.OV7725_Light_Mode) for OV7725_Light_Mode
    main.o(i.main) refers to ov7725.o(i.OV7725_Color_Saturation) for OV7725_Color_Saturation
    main.o(i.main) refers to ov7725.o(i.OV7725_Brightness) for OV7725_Brightness
    main.o(i.main) refers to ov7725.o(i.OV7725_Contrast) for OV7725_Contrast
    main.o(i.main) refers to ov7725.o(i.OV7725_Special_Effects) for OV7725_Special_Effects
    main.o(i.main) refers to stm32l4xx_hal_gpio.o(i.HAL_GPIO_WritePin) for HAL_GPIO_WritePin
    main.o(i.main) refers to timer.o(i.TIM3_Init) for TIM3_Init
    main.o(i.main) refers to exti.o(i.TIM2_CH4_Cap_Init) for TIM2_CH4_Cap_Init
    main.o(i.main) refers to key.o(i.KEY_Scan) for KEY_Scan
    main.o(i.main) refers to main.o(i.OV7725_camera_refresh) for OV7725_camera_refresh
    main.o(i.main) refers to stm32l4xx_hal_gpio.o(i.HAL_GPIO_TogglePin) for HAL_GPIO_TogglePin
    main.o(i.main) refers to rc522.o(i.RC522_Handel) for RC522_Handel
    main.o(i.main) refers to aht10.o(i.AHT10_Read_Temperature) for AHT10_Read_Temperature
    main.o(i.main) refers to aht10.o(i.AHT10_Read_Humidity) for AHT10_Read_Humidity
    main.o(i.main) refers to lcd.o(i.LCD_ShowChar) for LCD_ShowChar
    main.o(i.main) refers to lcd.o(i.LCD_ShowNum) for LCD_ShowNum
    main.o(i.main) refers to lcd.o(.data) for POINT_COLOR
    stm32l4xx_it.o(i.SysTick_Handler) refers to stm32l4xx_hal.o(i.HAL_IncTick) for HAL_IncTick
    system_stm32l4xx.o(i.SystemCoreClockUpdate) refers to system_stm32l4xx.o(.constdata) for .constdata
    system_stm32l4xx.o(i.SystemCoreClockUpdate) refers to system_stm32l4xx.o(.data) for .data
    startup_stm32l475xx.o(STACK) refers (Special) to heapauxi.o(.text) for __use_two_region_memory
    startup_stm32l475xx.o(HEAP) refers (Special) to heapauxi.o(.text) for __use_two_region_memory
    startup_stm32l475xx.o(RESET) refers (Special) to heapauxi.o(.text) for __use_two_region_memory
    startup_stm32l475xx.o(RESET) refers to startup_stm32l475xx.o(STACK) for __initial_sp
    startup_stm32l475xx.o(RESET) refers to startup_stm32l475xx.o(.text) for Reset_Handler
    startup_stm32l475xx.o(RESET) refers to stm32l4xx_it.o(i.NMI_Handler) for NMI_Handler
    startup_stm32l475xx.o(RESET) refers to stm32l4xx_it.o(i.HardFault_Handler) for HardFault_Handler
    startup_stm32l475xx.o(RESET) refers to stm32l4xx_it.o(i.MemManage_Handler) for MemManage_Handler
    startup_stm32l475xx.o(RESET) refers to stm32l4xx_it.o(i.BusFault_Handler) for BusFault_Handler
    startup_stm32l475xx.o(RESET) refers to stm32l4xx_it.o(i.UsageFault_Handler) for UsageFault_Handler
    startup_stm32l475xx.o(RESET) refers to stm32l4xx_it.o(i.SVC_Handler) for SVC_Handler
[...]
    i.SCCB_RD_Reg                            0x0800367c   Section        0  sccb.o(i.SCCB_RD_Reg)
    i.SCCB_Start                             0x080036c8   Section        0  sccb.o(i.SCCB_Start)
    i.SCCB_Stop                              0x08003710   Section        0  sccb.o(i.SCCB_Stop)
    i.SCCB_WR_Byte                           0x08003750   Section        0  sccb.o(i.SCCB_WR_Byte)
    i.SCCB_WR_Reg                            0x08003804   Section        0  sccb.o(i.SCCB_WR_Reg)
    i.SPI1_Init                              0x08003844   Section        0  rc522.o(i.SPI1_Init)
    i.SPI3_Init                              0x080038d4   Section        0  spi3.o(i.SPI3_Init)
    i.SPI3_WriteByte                         0x08003920   Section        0  spi3.o(i.SPI3_WriteByte)
    i.SPI_EndRxTxTransaction                 0x08003934   Section        0  stm32l4xx_hal_spi.o(i.SPI_EndRxTxTransaction)
    SPI_EndRxTxTransaction                   0x08003935   Thumb Code    72  stm32l4xx_hal_spi.o(i.SPI_EndRxTxTransaction)
    i.SPI_RC522_ReadByte                     0x0800397c   Section        0  rc522.o(i.SPI_RC522_ReadByte)
    i.SPI_RC522_SendByte                     0x080039d8   Section        0  rc522.o(i.SPI_RC522_SendByte)
    i.SPI_WaitFifoStateUntilTimeout          0x08003a38   Section        0  stm32l4xx_hal_spi.o(i.SPI_WaitFifoStateUntilTimeout)
    SPI_WaitFifoStateUntilTimeout            0x08003a39   Thumb Code   150  stm32l4xx_hal_spi.o(i.SPI_WaitFifoStateUntilTimeout)
    i.SPI_WaitFlagStateUntilTimeout          0x08003ace   Section        0  stm32l4xx_hal_spi.o(i.SPI_WaitFlagStateUntilTimeout)
    SPI_WaitFlagStateUntilTimeout            0x08003acf   Thumb Code   148  stm32l4xx_hal_spi.o(i.SPI_WaitFlagStateUntilTimeout)
    i.SVC_Handler                            0x08003b62   Section        0  stm32l4xx_it.o(i.SVC_Handler)
    i.SetBitMask                             0x08003b64   Section        0  rc522.o(i.SetBitMask)
    i.ShowID                                 0x08003b7c   Section        0  rc522.o(i.ShowID)
    i.SysTick_Handler                        0x08003c7c   Section        0  stm32l4xx_it.o(i.SysTick_Handler)
    i.SystemClock_Config                     0x08003c80   Section        0  sys.o(i.SystemClock_Config)
    i.SystemInit                             0x08003cf0   Section        0  system_stm32l4xx.o(i.SystemInit)
    i.TIM2_CH4_Cap_Init                      0x08003d34   Section        0  exti.o(i.TIM2_CH4_Cap_Init)
    i.TIM2_IRQHandler                        0x08003d70   Section        0  exti.o(i.TIM2_IRQHandler)
    i.TIM3_IRQHandler                        0x08003d7c   Section        0  timer.o(i.TIM3_IRQHandler)
    i.TIM3_Init                              0x08003d88   Section        0  timer.o(i.TIM3_Init)
    i.TIM_Base_SetConfig                     0x08003db4   Section        0  stm32l4xx_hal_tim.o(i.TIM_Base_SetConfig)
    i.TIM_CCxChannelCmd                      0x08003e74   Section        0  stm32l4xx_hal_tim.o(i.TIM_CCxChannelCmd)
    i.TIM_TI1_SetConfig                      0x08003e90   Section        0  stm32l4xx_hal_tim.o(i.TIM_TI1_SetConfig)
    i.TIM_TI2_SetConfig                      0x08003f08   Section        0  stm32l4xx_hal_tim.o(i.TIM_TI2_SetConfig)
    TIM_TI2_SetConfig                        0x08003f09   Thumb Code    54  stm32l4xx_hal_tim.o(i.TIM_TI2_SetConfig)
    i.UART_AdvFeatureConfig                  0x08003f3e   Section        0  stm32l4xx_hal_uart.o(i.UART_AdvFeatureConfig)
    i.UART_CheckIdleState                    0x08004006   Section        0  stm32l4xx_hal_uart.o(i.UART_CheckIdleState)
    i.UART_DMAAbortOnError                   0x08004062   Section        0  stm32l4xx_hal_uart.o(i.UART_DMAAbortOnError)
    UART_DMAAbortOnError                     0x08004063   Thumb Code    20  stm32l4xx_hal_uart.o(i.UART_DMAAbortOnError)
    i.UART_EndRxTransfer                     0x08004076   Section        0  stm32l4xx_hal_uart.o(i.UART_EndRxTransfer)
    UART_EndRxTransfer                       0x08004077   Thumb Code    32  stm32l4xx_hal_uart.o(i.UART_EndRxTransfer)
    i.UART_SetConfig                         0x08004098   Section        0  stm32l4xx_hal_uart.o(i.UART_SetConfig)
    i.UART_WaitOnFlagUntilTimeout            0x08004354   Section        0  stm32l4xx_hal_uart.o(i.UART_WaitOnFlagUntilTimeout)
    i.USART2_IRQHandler                      0x080043b8   Section        0  usart.o(i.USART2_IRQHandler)
    i.UsageFault_Handler                     0x08004424   Section        0  stm32l4xx_it.o(i.UsageFault_Handler)
    i.WriteRawRC                             0x08004428   Section        0  rc522.o(i.WriteRawRC)
    i._sys_exit                              0x0800445c   Section        0  usart.o(i._sys_exit)
    i.delay_init                             0x08004460   Section        0  delay.o(i.delay_init)
    i.delay_ms                               0x08004474   Section        0  delay.o(i.delay_ms)
    i.delay_us                               0x08004490   Section        0  delay.o(i.delay_us)
    i.fputc                                  0x080044c4   Section        0  usart.o(i.fputc)
    i.jieshou                                0x080044dc   Section        0  wifista.o(i.jieshou)
    i.lianjie                                0x08004528   Section        0  wifista.o(i.lianjie)
    i.main                                   0x080046d0   Section        0  main.o(i.main)
    i.my_mem_init                            0x08004af0   Section        0  malloc.o(i.my_mem_init)
    i.my_mem_malloc                          0x08004b1c   Section        0  malloc.o(i.my_mem_malloc)
    i.my_mem_perused                         0x08004ba4   Section        0  malloc.o(i.my_mem_perused)
    i.mymalloc                               0x08004be0   Section        0  malloc.o(i.mymalloc)
    i.mymemset                               0x08004c00   Section        0  malloc.o(i.mymemset)
    i.sencmd                                 0x08004c0c   Section        0  wifista.o(i.sencmd)
    i.sendphoto                              0x08004c28   Section        0  wifista.o(i.sendphoto)
    i.uart_init                              0x08004cac   Section        0  usart.o(i.uart_init)
    x$fpl$d2f                                0x08004cf0   Section       98  d2f.o(x$fpl$d2f)
    $v0                                      0x08004cf0   Number         0  d2f.o(x$fpl$d2f)
    x$fpl$dadd                               0x08004d54   Section      336  daddsub_clz.o(x$fpl$dadd)
    $v0                                      0x08004d54   Number         0  daddsub_clz.o(x$fpl$dadd)
    _dadd1                                   0x08004d65   Thumb Code     0  daddsub_clz.o(x$fpl$dadd)
    x$fpl$dfltu                              0x08004ea4   Section       38  dflt_clz.o(x$fpl$dfltu)
    $v0                                      0x08004ea4   Number         0  dflt_clz.o(x$fpl$dfltu)
    x$fpl$dmul                               0x08004ecc   Section      340  dmul.o(x$fpl$dmul)
    $v0                                      0x08004ecc   Number         0  dmul.o(x$fpl$dmul)
    x$fpl$dnaninf                            0x08005020   Section      156  dnaninf.o(x$fpl$dnaninf)
    $v0                                      0x08005020   Number         0  dnaninf.o(x$fpl$dnaninf)
    x$fpl$dretinf                            0x080050bc   Section       12  dretinf.o(x$fpl$dretinf)
    $v0                                      0x080050bc   Number         0  dretinf.o(x$fpl$dretinf)
    x$fpl$dsub                               0x080050c8   Section      468  daddsub_clz.o(x$fpl$dsub)
    $v0                                      0x080050c8   Number         0  daddsub_clz.o(x$fpl$dsub)
    _dsub1                                   0x080050d9   Thumb Code     0  daddsub_clz.o(x$fpl$dsub)
    x$fpl$fpinit                             0x0800529c   Section       10  fpinit.o(x$fpl$fpinit)
    $v0                                      0x0800529c   Number         0  fpinit.o(x$fpl$fpinit)
    x$fpl$fretinf                            0x080052a6   Section       10  fretinf.o(x$fpl$fretinf)
    $v0                                      0x080052a6   Number         0  fretinf.o(x$fpl$fretinf)
    .constdata                               0x080052b0   Section       64  system_stm32l4xx.o(.constdata)
    x$fpl$usenofp                            0x080052b0   Section        0  usenofp.o(x$fpl$usenofp)
    .constdata                               0x080052f0   Section        8  system_stm32l4xx.o(.constdata)
    .constdata                               0x080052f8   Section    58740  lcd.o(.constdata)
    .constdata                               0x0801386c   Section      130  ov7725.o(.constdata)
    .constdata                               0x080138f0   Section       24  malloc.o(.constdata)
    .ARM.__AT_0x10000000                     0x10000000   Section    30720  malloc.o(.ARM.__AT_0x10000000)
    .ARM.__AT_0x10007800                     0x10007800   Section     1920  malloc.o(.ARM.__AT_0x10007800)
    .data                                    0x20000000   Section        4  system_stm32l4xx.o(.data)
    .data                                    0x20000004   Section        4  stm32l4xx_hal.o(.data)
    .data                                    0x20000008   Section        4  delay.o(.data)
    fac_us                                   0x20000008   Data           4  delay.o(.data)
    .data                                    0x2000000c   Section        2  usart.o(.data)
    .data                                    0x20000010   Section        4  usart.o(.data)
    .data                                    0x20000014   Section        4  lcd.o(.data)
    .data                                    0x20000018   Section        1  exti.o(.data)
    .data                                    0x20000019   Section        1  key.o(.data)
    key_up                                   0x20000019   Data           1  key.o(.data)
    .data                                    0x2000001a   Section        1  timer.o(.data)
    .data                                    0x2000001c   Section       28  malloc.o(.data)
    .data                                    0x20000038   Section       14  rc522.o(.data)
    .bss                                     0x20000048   Section      480  main.o(.bss)
    lcd_7725buf                              0x20000048   Data         480  main.o(.bss)
    .bss                                     0x20000228   Section      320  usart.o(.bss)
    .bss                                     0x20000368   Section     1152  lcd.o(.bss)
    lcd_buf                                  0x20000368   Data        1152  lcd.o(.bss)
    .bss                                     0x200007e8   Section      100  spi3.o(.bss)
    .bss                                     0x2000084c   Section       64  exti.o(.bss)
    .bss                                     0x2000088c   Section       64  timer.o(.bss)
    .bss                                     0x200008e0   Section    65536  malloc.o(.bss)
    .bss                                     0x200108e0   Section     4096  malloc.o(.bss)
    .bss                                     0x200118e0   Section       16  rc522.o(.bss)
    .bss                                     0x200118f0   Section       96  libspace.o(.bss)
    HEAP                                     0x20011950   Section      512  startup_stm32l475xx.o(HEAP)
    Heap_Mem                                 0x20011950   Data         512  startup_stm32l475xx.o(HEAP)
    STACK                                    0x20011b50   Section     1024  startup_stm32l475xx.o(STACK)
    Stack_Mem                                0x20011b50   Data        1024  startup_stm32l475xx.o(STACK)
    __initial_sp                             0x20011f50   Data           0  startup_stm32l475xx.o(STACK)

    Global Symbols

    Symbol Name                              Value     Ov Type        Size  Object(Section)

    BuildAttributes$$THM_ISAv4$E$P$D$K$B$S$7EM$VFPi3$EXTD16$VFPS$VFMA$PE$A:L22UL41UL21$X:L11$S22US41US21$IEEE1$IW$USESV6$~STKCKD$USESV7$~SHL$OSPACE$ROPI$EBA8$UX$STANDARDLIB$REQ8$PRES8$EABIv2 0x00000000   Number         0  anon$$obj.o ABSOLUTE
    __ARM_use_no_argv                        0x00000000   Number         0  main.o ABSOLUTE
    __ARM_exceptions_init                     - Undefined Weak Reference
    __alloca_initialize                       - Undefined Weak Reference
    __arm_preinit_                            - Undefined Weak Reference
    __cpp_initialize__aeabi_                  - Undefined Weak Reference
    __cxa_finalize                            - Undefined Weak Reference
    __rt_locale                               - Undefined Weak Reference
    __sigvec_lookup                           - Undefined Weak Reference
    _atexit_init                              - Undefined Weak Reference
    _call_atexit_fns                          - Undefined Weak Reference
    _clock_init                               - Undefined Weak Reference
    _fp_trap_init                             - Undefined Weak Reference
    _fp_trap_shutdown                         - Undefined Weak Reference
    _get_lc_collate                           - Undefined Weak Reference
    _get_lc_ctype                             - Undefined Weak Reference
    _get_lc_monetary                          - Undefined Weak Reference
    _get_lc_numeric                           - Undefined Weak Reference
    _get_lc_time                              - Undefined Weak Reference
    _getenv_init                              - Undefined Weak Reference
    _handle_redirection                       - Undefined Weak Reference
    _init_alloc                               - Undefined Weak Reference
    _init_user_alloc                          - Undefined Weak Reference
    _initio                                   - Undefined Weak Reference
    _mutex_acquire                            - Undefined Weak Reference
    _mutex_release                            - Undefined Weak Reference
    _printf_mbtowc                            - Undefined Weak Reference
    _printf_post_padding                      - Undefined Weak Reference
    _printf_pre_padding                       - Undefined Weak Reference
    _printf_truncate_signed                   - Undefined Weak Reference
    _printf_truncate_unsigned                 - Undefined Weak Reference
    _rand_init                                - Undefined Weak Reference
    _signal_finish                            - Undefined Weak Reference
    _signal_init                              - Undefined Weak Reference
    _terminate_alloc                          - Undefined Weak Reference
    _terminate_user_alloc                     - Undefined Weak Reference
    _terminateio                              - Undefined Weak Reference
    __Vectors_Size                           0x00000188   Number         0  startup_stm32l475xx.o ABSOLUTE
    __Vectors                                0x08000000   Data           4  startup_stm32l475xx.o(RESET)
    __Vectors_End                            0x08000188   Data           0  startup_stm32l475xx.o(RESET)
    __main                                   0x08000189   Thumb Code     8  __main.o(!!!main)
    __scatterload                            0x08000191   Thumb Code     0  __scatter.o(!!!scatter)
    __scatterload_rt2                        0x08000191   Thumb Code    44  __scatter.o(!!!scatter)
    __scatterload_rt2_thumb_only             0x08000191   Thumb Code     0  __scatter.o(!!!scatter)
    __scatterload_null                       0x0800019f   Thumb Code     0  __scatter.o(!!!scatter)
    __scatterload_copy                       0x080001c5   Thumb Code    26  __scatter_copy.o(!!handler_copy)
    __scatterload_zeroinit                   0x080001e1   Thumb Code    28  __scatter_zi.o(!!handler_zi)
    _printf_d                                0x080001fd   Thumb Code     0  _printf_d.o(.ARM.Collect$$_printf_percent$$00000009)
    _printf_percent                          0x080001fd   Thumb Code     0  _printf_percent.o(.ARM.Collect$$_printf_percent$$00000000)
    _printf_s                                0x08000203   Thumb Code     0  _printf_s.o(.ARM.Collect$$_printf_percent$$00000014)
    _printf_percent_end                      0x08000209   Thumb Code     0  _printf_percent_end.o(.ARM.Collect$$_printf_percent$$00000017)
    __rt_lib_init                            0x0800020d   Thumb Code     0  libinit.o(.ARM.Collect$$libinit$$00000000)
    __rt_lib_init_fp_1                       0x0800020f   Thumb Code     0  libinit2.o(.ARM.Collect$$libinit$$00000001)
    __rt_lib_init_alloca_1                   0x08000213   Thumb Code     0  libinit2.o(.ARM.Collect$$libinit$$0000002E)
    __rt_lib_init_argv_1                     0x08000213   Thumb Code     0  libinit2.o(.ARM.Collect$$libinit$$0000002C)
    __rt_lib_init_atexit_1                   0x08000213   Thumb Code     0  libinit2.o(.ARM.Collect$$libinit$$0000001B)
    __rt_lib_init_clock_1                    0x08000213   Thumb Code     0  libinit2.o(.ARM.Collect$$libinit$$00000021)
    __rt_lib_init_cpp_1                      0x08000213   Thumb Code     0  libinit2.o(.ARM.Collect$$libinit$$00000032)
    __rt_lib_init_exceptions_1               0x08000213   Thumb Code     0  libinit2.o(.ARM.Collect$$libinit$$00000030)
    __rt_lib_init_fp_trap_1                  0x08000213   Thumb Code     0  libinit2.o(.ARM.Collect$$libinit$$0000001F)
    __rt_lib_init_getenv_1                   0x08000213   Thumb Code     0  libinit2.o(.ARM.Collect$$libinit$$00000023)
    __rt_lib_init_heap_1                     0x08000213   Thumb Code     0  libinit2.o(.ARM.Collect$$libinit$$0000000A)
    __rt_lib_init_lc_collate_1               0x08000213   Thumb Code     0  libinit2.o(.ARM.Collect$$libinit$$00000011)
    __rt_lib_init_lc_ctype_1                 0x08000213   Thumb Code     0  libinit2.o(.ARM.Collect$$libinit$$00000013)
    __rt_lib_init_lc_monetary_1              0x08000213   Thumb Code     0  libinit2.o(.ARM.Collect$$libinit$$00000015)
    __rt_lib_init_lc_numeric_1               0x08000213   Thumb Code     0  libinit2.o(.ARM.Collect$$libinit$$00000017)
    __rt_lib_init_lc_time_1                  0x08000213   Thumb Code     0  libinit2.o(.ARM.Collect$$libinit$$00000019)
    __rt_lib_init_preinit_1                  0x08000213   Thumb Code     0  libinit2.o(.ARM.Collect$$libinit$$00000004)
    __rt_lib_init_rand_1                     0x08000213   Thumb Code     0  libinit2.o(.ARM.Collect$$libinit$$0000000E)
    __rt_lib_init_return                     0x08000213   Thumb Code     0  libinit2.o(.ARM.Collect$$libinit$$00000033)
    __rt_lib_init_signal_1                   0x08000213   Thumb Code     0  libinit2.o(.ARM.Collect$$libinit$$0000001D)
    __rt_lib_init_stdio_1                    0x08000213   Thumb Code     0  libinit2.o(.ARM.Collect$$libinit$$00000025)
    __rt_lib_init_user_alloc_1               0x08000213   Thumb Code     0  libinit2.o(.ARM.Collect$$libinit$$0000000C)
    __rt_lib_shutdown                        0x08000215   Thumb Code     0  libshutdown.o(.ARM.Collect$$libshutdown$$00000000)
    __rt_lib_shutdown_cpp_1                  0x08000217   Thumb Code     0  libshutdown2.o(.ARM.Collect$$libshutdown$$00000002)
    __rt_lib_shutdown_fp_trap_1              0x08000217   Thumb Code     0  libshutdown2.o(.ARM.Collect$$libshutdown$$00000007)
    __rt_lib_shutdown_heap_1                 0x08000217   Thumb Code     0  libshutdown2.o(.ARM.Collect$$libshutdown$$0000000F)
    __rt_lib_shutdown_return                 0x08000217   Thumb Code     0  libshutdown2.o(.ARM.Collect$$libshutdown$$00000010)
    __rt_lib_shutdown_signal_1               0x08000217   Thumb Code     0  libshutdown2.o(.ARM.Collect$$libshutdown$$0000000A)
    __rt_lib_shutdown_stdio_1                0x08000217   Thumb Code     0  libshutdown2.o(.ARM.Collect$$libshutdown$$00000004)
    __rt_lib_shutdown_user_alloc_1           0x08000217   Thumb Code     0  libshutdown2.o(.ARM.Collect$$libshutdown$$0000000C)
    __rt_entry                               0x08000219   Thumb Code     0  __rtentry.o(.ARM.Collect$$rtentry$$00000000)
    __rt_entry_presh_1                       0x08000219   Thumb Code     0  __rtentry2.o(.ARM.Collect$$rtentry$$00000002)
    __rt_entry_sh                            0x08000219   Thumb Code     0  __rtentry4.o(.ARM.Collect$$rtentry$$00000004)
    __rt_entry_li                            0x0800021f   Thumb Code     0  __rtentry2.o(.ARM.Collect$$rtentry$$0000000A)
    __rt_entry_postsh_1                      0x0800021f   Thumb Code     0  __rtentry2.o(.ARM.Collect$$rtentry$$00000009)
    __rt_entry_main                          0x08000223   Thumb Code     0  __rtentry2.o(.ARM.Collect$$rtentry$$0000000D)
    __rt_entry_postli_1                      0x08000223   Thumb Code     0  __rtentry2.o(.ARM.Collect$$rtentry$$0000000C)
    __rt_exit                                0x0800022b   Thumb Code     0  rtexit.o(.ARM.Collect$$rtexit$$00000000)
    __rt_exit_ls                             0x0800022d   Thumb Code     0  rtexit2.o(.ARM.Collect$$rtexit$$00000003)
    __rt_exit_prels_1                        0x0800022d   Thumb Code     0  rtexit2.o(.ARM.Collect$$rtexit$$00000002)
    __rt_exit_exit                           0x08000231   Thumb Code     0  rtexit2.o(.ARM.Collect$$rtexit$$00000004)
    Reset_Handler                            0x08000239   Thumb Code     8  startup_stm32l475xx.o(.text)
    ADC1_2_IRQHandler                        0x08000253   Thumb Code     0  startup_stm32l475xx.o(.text)
    ADC3_IRQHandler                          0x08000253   Thumb Code     0  startup_stm32l475xx.o(.text)
    CAN1_RX0_IRQHandler                      0x08000253   Thumb Code     0  startup_stm32l475xx.o(.text)
    CAN1_RX1_IRQHandler                      0x08000253   Thumb Code     0  startup_stm32l475xx.o(.text)
    CAN1_SCE_IRQHandler                      0x08000253   Thumb Code     0  startup_stm32l475xx.o(.text)
    CAN1_TX_IRQHandler                       0x08000253   Thumb Code     0  startup_stm32l475xx.o(.text)
    COMP_IRQHandler                          0x08000253   Thumb Code     0  startup_stm32l475xx.o(.text)
    DFSDM1_FLT0_IRQHandler                   0x08000253   Thumb Code     0  startup_stm32l475xx.o(.text)
    DFSDM1_FLT1_IRQHandler                   0x08000253   Thumb Code     0  startup_stm32l475xx.o(.text)
    DFSDM1_FLT2_IRQHandler                   0x08000253   Thumb Code     0  startup_stm32l475xx.o(.text)
    DFSDM1_FLT3_IRQHandler                   0x08000253   Thumb Code     0  startup_stm32l475xx.o(.text)
    DMA1_Channel1_IRQHandler                 0x08000253   Thumb Code     0  startup_stm32l475xx.o(.text)
    DMA1_Channel2_IRQHandler                 0x08000253   Thumb Code     0  startup_stm32l475xx.o(.text)
    DMA1_Channel3_IRQHandler                 0x08000253   Thumb Code     0  startup_stm32l475xx.o(.text)
    DMA1_Channel4_IRQHandler                 0x08000253   Thumb Code     0  startup_stm32l475xx.o(.text)
    DMA1_Channel5_IRQHandler                 0x08000253   Thumb Code     0  startup_stm32l475xx.o(.text)
    DMA1_Channel6_IRQHandler                 0x08000253   Thumb Code     0  startup_stm32l475xx.o(.text)
    DMA1_Channel7_IRQHandler                 0x08000253   Thumb Code     0  startup_stm32l475xx.o(.text)
    DMA2_Channel1_IRQHandler                 0x08000253   Thumb Code     0  startup_stm32l475xx.o(.text)
    DMA2_Channel2_IRQHandler                 0x08000253   Thumb Code     0  startup_stm32l475xx.o(.text)
    DMA2_Channel3_IRQHandler                 0x08000253   Thumb Code     0  startup_stm32l475xx.o(.text)
    DMA2_Channel4_IRQHandler                 0x08000253   Thumb Code     0  startup_stm32l475xx.o(.text)
    DMA2_Channel5_IRQHandler                 0x08000253   Thumb Code     0  startup_stm32l475xx.o(.text)
    DMA2_Channel6_IRQHandler                 0x08000253   Thumb Code     0  startup_stm32l475xx.o(.text)
    DMA2_Channel7_IRQHandler                 0x08000253   Thumb Code     0  startup_stm32l475xx.o(.text)
    EXTI0_IRQHandler                         0x08000253   Thumb Code     0  startup_stm32l475xx.o(.text)
    EXTI1_IRQHandler                         0x08000253   Thumb Code     0  startup_stm32l475xx.o(.text)
    EXTI2_IRQHandler                         0x08000253   Thumb Code     0  startup_stm32l475xx.o(.text)
    EXTI3_IRQHandler                         0x08000253   Thumb Code     0  startup_stm32l475xx.o(.text)
    EXTI4_IRQHandler                         0x08000253   Thumb Code     0  startup_stm32l475xx.o(.text)
    EXTI9_5_IRQHandler                       0x08000253   Thumb Code     0  startup_stm32l475xx.o(.text)
    FLASH_IRQHandler                         0x08000253   Thumb Code     0  startup_stm32l475xx.o(.text)
    FMC_IRQHandler                           0x08000253   Thumb Code     0  startup_stm32l475xx.o(.text)
    FPU_IRQHandler                           0x08000253   Thumb Code     0  startup_stm32l475xx.o(.text)
    I2C1_ER_IRQHandler                       0x08000253   Thumb Code     0  startup_stm32l475xx.o(.text)
    I2C1_EV_IRQHandler                       0x08000253   Thumb Code     0  startup_stm32l475xx.o(.text)
    I2C2_ER_IRQHandler                       0x08000253   Thumb Code     0  startup_stm32l475xx.o(.text)
    I2C2_EV_IRQHandler                       0x08000253   Thumb Code     0  startup_stm32l475xx.o(.text)
    I2C3_ER_IRQHandler                       0x08000253   Thumb Code     0  startup_stm32l475xx.o(.text)
    I2C3_EV_IRQHandler                       0x08000253   Thumb Code     0  startup_stm32l475xx.o(.text)
    LPTIM1_IRQHandler                        0x08000253   Thumb Code     0  startup_stm32l475xx.o(.text)
    LPTIM2_IRQHandler                        0x08000253   Thumb Code     0  startup_stm32l475xx.o(.text)
    LPUART1_IRQHandler                       0x08000253   Thumb Code     0  startup_stm32l475xx.o(.text)
    OTG_FS_IRQHandler                        0x08000253   Thumb Code     0  startup_stm32l475xx.o(.text)
    PVD_PVM_IRQHandler                       0x08000253   Thumb Code     0  startup_stm32l475xx.o(.text)
    QUADSPI_IRQHandler                       0x08000253   Thumb Code     0  startup_stm32l475xx.o(.text)
    RCC_IRQHandler                           0x08000253   Thumb Code     0  startup_stm32l475xx.o(.text)
    RNG_IRQHandler                           0x08000253   Thumb Code     0  startup_stm32l475xx.o(.text)
    RTC_Alarm_IRQHandler                     0x08000253   Thumb Code     0  startup_stm32l475xx.o(.text)
    RTC_WKUP_IRQHandler                      0x08000253   Thumb Code     0  startup_stm32l475xx.o(.text)
    SAI1_IRQHandler                          0x08000253   Thumb Code     0  startup_stm32l475xx.o(.text)
    SAI2_IRQHandler                          0x08000253   Thumb Code     0  startup_stm32l475xx.o(.text)
    SDMMC1_IRQHandler                        0x08000253   Thumb Code     0  startup_stm32l475xx.o(.text)
    SPI1_IRQHandler                          0x08000253   Thumb Code     0  startup_stm32l475xx.o(.text)
    SPI2_IRQHandler                          0x08000253   Thumb Code     0  startup_stm32l475xx.o(.text)
    SPI3_IRQHandler                          0x08000253   Thumb Code     0  startup_stm32l475xx.o(.text)
    SWPMI1_IRQHandler                        0x08000253   Thumb Code     0  startup_stm32l475xx.o(.text)
    TAMP_STAMP_IRQHandler                    0x08000253   Thumb Code     0  startup_stm32l475xx.o(.text)
    TIM1_BRK_TIM15_IRQHandler                0x08000253   Thumb Code     0  startup_stm32l475xx.o(.text)
    TIM1_CC_IRQHandler                       0x08000253   Thumb Code     0  startup_stm32l475xx.o(.text)
    TIM1_TRG_COM_TIM17_IRQHandler            0x08000253   Thumb Code     0  startup_stm32l475xx.o(.text)
    TIM1_UP_TIM16_IRQHandler                 0x08000253   Thumb Code     0  startup_stm32l475xx.o(.text)
    TIM4_IRQHandler                          0x08000253   Thumb Code     0  startup_stm32l475xx.o(.text)
    TIM5_IRQHandler                          0x08000253   Thumb Code     0  startup_stm32l475xx.o(.text)
    TIM6_DAC_IRQHandler                      0x08000253   Thumb Code     0  startup_stm32l475xx.o(.text)
    TIM7_IRQHandler                          0x08000253   Thumb Code     0  startup_stm32l475xx.o(.text)
    TIM8_BRK_IRQHandler                      0x08000253   Thumb Code     0  startup_stm32l475xx.o(.text)
    TIM8_CC_IRQHandler                       0x08000253   Thumb Code     0  startup_stm32l475xx.o(.text)
    TIM8_TRG_COM_IRQHandler                  0x08000253   Thumb Code     0  startup_stm32l475xx.o(.text)
    TIM8_UP_IRQHandler                       0x08000253   Thumb Code     0  startup_stm32l475xx.o(.text)
    TSC_IRQHandler                           0x08000253   Thumb Code     0  startup_stm32l475xx.o(.text)
    UART4_IRQHandler                         0x08000253   Thumb Code     0  startup_stm32l475xx.o(.text)
    UART5_IRQHandler                         0x08000253   Thumb Code     0  startup_stm32l475xx.o(.text)
    USART1_IRQHandler                        0x08000253   Thumb Code     0  startup_stm32l475xx.o(.text)
    USART3_IRQHandler                        0x08000253   Thumb Code     0  startup_stm32l475xx.o(.text)
    WWDG_IRQHandler                          0x08000253   Thumb Code     0  startup_stm32l475xx.o(.text)
    __user_initial_stackheap                 0x08000255   Thumb Code     0  startup_stm32l475xx.o(.text)
    __use_no_semihosting                     0x08000279   Thumb Code     2  use_no_semi_2.o(.text)
    __aeabi_uldivmod                         0x0800027b   Thumb Code     0  lludivv7m.o(.text)
    _ll_udiv                                 0x0800027b   Thumb Code   238  lludivv7m.o(.text)
    __2printf                                0x08000369   Thumb Code    20  noretval__2printf.o(.text)
    __2sprintf                               0x08000381   Thumb Code    34  noretval__2sprintf.o(.text)
    __printf                                 0x080003a9   Thumb Code   104  __printf.o(.text)
    _printf_str                              0x08000411   Thumb Code    82  _printf_str.o(.text)
    _printf_int_dec                          0x08000465   Thumb Code   104  _printf_dec.o(.text)
    __use_two_region_memory                  0x080004dd   Thumb Code     2  heapauxi.o(.text)
    __rt_heap_escrow$2region                 0x080004df   Thumb Code     2  heapauxi.o(.text)
    __rt_heap_expand$2region                 0x080004e1   Thumb Code     2  heapauxi.o(.text)
    __I$use$semihosting                      0x080004e3   Thumb Code     0  use_no_semi.o(.text)
    __use_no_semihosting_swi                 0x080004e3   Thumb Code     2  use_no_semi.o(.text)
    _printf_int_common                       0x080004e5   Thumb Code   178  _printf_intcommon.o(.text)
    _printf_char_common                      0x080005a3   Thumb Code    32  _printf_char_common.o(.text)
    _sputc                                   0x080005c9   Thumb Code    10  _sputc.o(.text)
    _printf_cs_common                        0x080005d3   Thumb Code    20  _printf_char.o(.text)
    _printf_char                             0x080005e7   Thumb Code    16  _printf_char.o(.text)
    _printf_string                           0x080005f7   Thumb Code     8  _printf_char.o(.text)
    _printf_char_file                        0x08000601   Thumb Code    32  _printf_char_file.o(.text)
    ferror                                   0x08000625   Thumb Code     8  ferror.o(.text)
    __user_setup_stackheap                   0x0800062d   Thumb Code    74  sys_stackheap_outer.o(.text)
    exit                                     0x08000677   Thumb Code    18  exit.o(.text)
    __user_libspace                          0x08000689   Thumb Code     8  libspace.o(.text)
    __user_perproc_libspace                  0x08000689   Thumb Code     0  libspace.o(.text)
    __user_perthread_libspace                0x08000689   Thumb Code     0  libspace.o(.text)
    AHT10_Init                               0x08000691   Thumb Code    68  aht10.o(i.AHT10_Init)
    AHT10_Read_Data                          0x080006d5   Thumb Code    72  aht10.o(i.AHT10_Read_Data)
    AHT10_Read_Humidity                      0x0800071d   Thumb Code    96  aht10.o(i.AHT10_Read_Humidity)
    AHT10_Read_Temperature                   0x0800078d   Thumb Code   106  aht10.o(i.AHT10_Read_Temperature)
    AHT10_Write_Data                         0x08000811   Thumb Code    72  aht10.o(i.AHT10_Write_Data)
    BEEP_Init                                0x08000859   Thumb Code    60  beep.o(i.BEEP_Init)
    BusFault_Handler                         0x0800089d   Thumb Code     2  stm32l4xx_it.o(i.BusFault_Handler)
    CalulateCRC                              0x0800089f   Thumb Code   102  rc522.o(i.CalulateCRC)
    ClearBitMask                             0x08000905   Thumb Code    24  rc522.o(i.ClearBitMask)
    DebugMon_Handler                         0x0800091d   Thumb Code     2  stm32l4xx_it.o(i.DebugMon_Handler)
    EXTI15_10_IRQHandler                     0x0800091f   Thumb Code     8  exti.o(i.EXTI15_10_IRQHandler)
    HAL_DMA_Abort_IT                         0x08000927   Thumb Code    78  stm32l4xx_hal_dma.o(i.HAL_DMA_Abort_IT)
    HAL_GPIO_EXTI_Callback                   0x08000975   Thumb Code    88  exti.o(i.HAL_GPIO_EXTI_Callback)
    HAL_GPIO_EXTI_IRQHandler                 0x080009d5   Thumb Code    22  stm32l4xx_hal_gpio.o(i.HAL_GPIO_EXTI_IRQHandler)
    HAL_GPIO_Init                            0x080009f1   Thumb Code   424  stm32l4xx_hal_gpio.o(i.HAL_GPIO_Init)
    HAL_GPIO_ReadPin                         0x08000bc3   Thumb Code    10  stm32l4xx_hal_gpio.o(i.HAL_GPIO_ReadPin)
    HAL_GPIO_TogglePin                       0x08000bcd   Thumb Code     8  stm32l4xx_hal_gpio.o(i.HAL_GPIO_TogglePin)
    HAL_GPIO_WritePin                        0x08000bd5   Thumb Code    10  stm32l4xx_hal_gpio.o(i.HAL_GPIO_WritePin)
    HAL_GetTick                              0x08000be1   Thumb Code     6  stm32l4xx_hal.o(i.HAL_GetTick)
    HAL_IncTick                              0x08000bed   Thumb Code    10  stm32l4xx_hal.o(i.HAL_IncTick)
    HAL_Init                                 0x08000bfd   Thumb Code    30  stm32l4xx_hal.o(i.HAL_Init)
    HAL_InitTick                             0x08000c1d   Thumb Code    42  stm32l4xx_hal.o(i.HAL_InitTick)
    HAL_MspInit                              0x08000c4d   Thumb Code     2  stm32l4xx_hal.o(i.HAL_MspInit)
    HAL_NVIC_EnableIRQ                       0x08000c4f   Thumb Code    22  stm32l4xx_hal_cortex.o(i.HAL_NVIC_EnableIRQ)
    HAL_NVIC_SetPriority                     0x08000c65   Thumb Code    60  stm32l4xx_hal_cortex.o(i.HAL_NVIC_SetPriority)
    HAL_NVIC_SetPriorityGrouping             0x08000ca5   Thumb Code    26  stm32l4xx_hal_cortex.o(i.HAL_NVIC_SetPriorityGrouping)
    HAL_PWREx_ControlVoltageScaling          0x08000cc9   Thumb Code    90  stm32l4xx_hal_pwr_ex.o(i.HAL_PWREx_ControlVoltageScaling)
    HAL_PWREx_GetVoltageRange                0x08000d31   Thumb Code    10  stm32l4xx_hal_pwr_ex.o(i.HAL_PWREx_GetVoltageRange)
    HAL_RCC_ClockConfig                      0x08000d41   Thumb Code   276  stm32l4xx_hal_rcc.o(i.HAL_RCC_ClockConfig)
    HAL_RCC_GetPCLK1Freq                     0x08000e65   Thumb Code    24  stm32l4xx_hal_rcc.o(i.HAL_RCC_GetPCLK1Freq)
    HAL_RCC_GetPCLK2Freq                     0x08000e89   Thumb Code    24  stm32l4xx_hal_rcc.o(i.HAL_RCC_GetPCLK2Freq)
    HAL_RCC_GetSysClockFreq                  0x08000ead   Thumb Code   154  stm32l4xx_hal_rcc.o(i.HAL_RCC_GetSysClockFreq)
    HAL_RCC_OscConfig                        0x08000f55   Thumb Code  1104  stm32l4xx_hal_rcc.o(i.HAL_RCC_OscConfig)
    HAL_SPI_Init                             0x080013a9   Thumb Code   172  stm32l4xx_hal_spi.o(i.HAL_SPI_Init)
    HAL_SPI_MspInit                          0x08001455   Thumb Code    70  spi3.o(i.HAL_SPI_MspInit)
    HAL_SPI_Transmit                         0x080014a5   Thumb Code   386  stm32l4xx_hal_spi.o(i.HAL_SPI_Transmit)
    HAL_SYSTICK_CLKSourceConfig              0x0800162d   Thumb Code    24  stm32l4xx_hal_cortex.o(i.HAL_SYSTICK_CLKSourceConfig)
    HAL_SYSTICK_Config                       0x08001645   Thumb Code    40  stm32l4xx_hal_cortex.o(i.HAL_SYSTICK_Config)
    HAL_TIMEx_Break2Callback                 0x0800166d   Thumb Code     2  stm32l4xx_hal_tim_ex.o(i.HAL_TIMEx_Break2Callback)
    HAL_TIMEx_BreakCallback                  0x0800166f   Thumb Code     2  stm32l4xx_hal_tim_ex.o(i.HAL_TIMEx_BreakCallback)
    HAL_TIMEx_CommutationCallback            0x08001671   Thumb Code     2  stm32l4xx_hal_tim_ex.o(i.HAL_TIMEx_CommutationCallback)
    HAL_TIM_Base_Init                        0x08001673   Thumb Code    54  stm32l4xx_hal_tim.o(i.HAL_TIM_Base_Init)
    HAL_TIM_Base_MspInit                     0x080016a9   Thumb Code    50  timer.o(i.HAL_TIM_Base_MspInit)
    HAL_TIM_Base_Start_IT                    0x080016e5   Thumb Code    44  stm32l4xx_hal_tim.o(i.HAL_TIM_Base_Start_IT)
    HAL_TIM_IC_CaptureCallback               0x08001715   Thumb Code    74  exti.o(i.HAL_TIM_IC_CaptureCallback)
    HAL_TIM_IC_ConfigChannel                 0x08001769   Thumb Code   284  stm32l4xx_hal_tim.o(i.HAL_TIM_IC_ConfigChannel)
    HAL_TIM_IC_Init                          0x08001885   Thumb Code    54  stm32l4xx_hal_tim.o(i.HAL_TIM_IC_Init)
    HAL_TIM_IC_MspInit                       0x080018bd   Thumb Code    86  exti.o(i.HAL_TIM_IC_MspInit)
    HAL_TIM_IC_Start_IT                      0x0800191d   Thumb Code    96  stm32l4xx_hal_tim.o(i.HAL_TIM_IC_Start_IT)
    HAL_TIM_IRQHandler                       0x08001981   Thumb Code   388  stm32l4xx_hal_tim.o(i.HAL_TIM_IRQHandler)
    HAL_TIM_OC_DelayElapsedCallback          0x08001b05   Thumb Code     2  stm32l4xx_hal_tim.o(i.HAL_TIM_OC_DelayElapsedCallback)
    HAL_TIM_PWM_PulseFinishedCallback        0x08001b07   Thumb Code     2  stm32l4xx_hal_tim.o(i.HAL_TIM_PWM_PulseFinishedCallback)
    HAL_TIM_PeriodElapsedCallback            0x08001b09   Thumb Code    24  timer.o(i.HAL_TIM_PeriodElapsedCallback)
    HAL_TIM_TriggerCallback                  0x08001b39   Thumb Code     2  stm32l4xx_hal_tim.o(i.HAL_TIM_TriggerCallback)
    HAL_UARTEx_WakeupCallback                0x08001b3b   Thumb Code     2  stm32l4xx_hal_uart_ex.o(i.HAL_UARTEx_WakeupCallback)
    HAL_UART_ErrorCallback                   0x08001b3d   Thumb Code     2  stm32l4xx_hal_uart.o(i.HAL_UART_ErrorCallback)
    HAL_UART_IRQHandler                      0x08001b41   Thumb Code   320  stm32l4xx_hal_uart.o(i.HAL_UART_IRQHandler)
    HAL_UART_Init                            0x08001c85   Thumb Code   106  stm32l4xx_hal_uart.o(i.HAL_UART_Init)
    HAL_UART_MspInit                         0x08001cf1   Thumb Code    92  usart.o(i.HAL_UART_MspInit)
    HAL_UART_Receive                         0x08001d55   Thumb Code   232  stm32l4xx_hal_uart.o(i.HAL_UART_Receive)
    HAL_UART_TxCpltCallback                  0x08001e43   Thumb Code     2  stm32l4xx_hal_uart.o(i.HAL_UART_TxCpltCallback)
    HardFault_Handler                        0x08001e45   Thumb Code     2  stm32l4xx_it.o(i.HardFault_Handler)
    IIC_Ack                                  0x08001e49   Thumb Code    80  myiic.o(i.IIC_Ack)
    IIC_Init                                 0x08001ea1   Thumb Code   104  myiic.o(i.IIC_Init)
    IIC_NAck                                 0x08001f15   Thumb Code    80  myiic.o(i.IIC_NAck)
    IIC_Read_Byte                            0x08001f6d   Thumb Code   112  myiic.o(i.IIC_Read_Byte)
    IIC_Send_Byte                            0x08001fe5   Thumb Code   110  myiic.o(i.IIC_Send_Byte)
    IIC_Start                                0x0800205d   Thumb Code    82  myiic.o(i.IIC_Start)
    IIC_Stop                                 0x080020b9   Thumb Code    82  myiic.o(i.IIC_Stop)
    IIC_Wait_Ack                             0x08002115   Thumb Code   106  myiic.o(i.IIC_Wait_Ack)
    KEY_Init                                 0x08002189   Thumb Code    90  key.o(i.KEY_Init)
    KEY_Scan                                 0x080021f1   Thumb Code   208  key.o(i.KEY_Scan)
    LCD_7725DATA                             0x080022d5   Thumb Code   120  main.o(i.LCD_7725DATA)
    LCD_Address_Set                          0x08002359   Thumb Code    82  lcd.o(i.LCD_Address_Set)
    LCD_Clear                                0x080023ad   Thumb Code    78  lcd.o(i.LCD_Clear)
    LCD_Fill                                 0x08002405   Thumb Code   118  lcd.o(i.LCD_Fill)
    LCD_Init                                 0x08002529   Thumb Code   412  lcd.o(i.LCD_Init)
    LCD_SPI_Send                             0x080026d9   Thumb Code     4  lcd.o(i.LCD_SPI_Send)
    LCD_ShowChar                             0x080026dd   Thumb Code   300  lcd.o(i.LCD_ShowChar)
    LCD_ShowNum                              0x0800281f   Thumb Code   106  lcd.o(i.LCD_ShowNum)
    LCD_ShowString                           0x0800288f   Thumb Code    76  lcd.o(i.LCD_ShowString)
    LCD_Write_HalfWord                       0x08002915   Thumb Code    36  lcd.o(i.LCD_Write_HalfWord)
    LED_Init                                 0x0800293d   Thumb Code    62  led.o(i.LED_Init)
    M500PcdConfigISOType                     0x08002985   Thumb Code    86  rc522.o(i.M500PcdConfigISOType)
    MemManage_Handler                        0x080029db   Thumb Code     2  stm32l4xx_it.o(i.MemManage_Handler)
    NMI_Handler                              0x080029dd   Thumb Code     2  stm32l4xx_it.o(i.NMI_Handler)
    OV7725_Brightness                        0x080029ff   Thumb Code    78  ov7725.o(i.OV7725_Brightness)
    OV7725_Color_Saturation                  0x08002a4d   Thumb Code    34  ov7725.o(i.OV7725_Color_Saturation)
    OV7725_Contrast                          0x08002a6f   Thumb Code    22  ov7725.o(i.OV7725_Contrast)
    OV7725_Init                              0x08002a85   Thumb Code   464  ov7725.o(i.OV7725_Init)
    OV7725_Light_Mode                        0x08002c81   Thumb Code   152  ov7725.o(i.OV7725_Light_Mode)
    OV7725_Special_Effects                   0x08002d19   Thumb Code   138  ov7725.o(i.OV7725_Special_Effects)
    OV7725_Window_Set                        0x08002da3   Thumb Code   326  ov7725.o(i.OV7725_Window_Set)
    OV7725_camera_refresh                    0x08002ee9   Thumb Code   264  main.o(i.OV7725_camera_refresh)
    PcdAntennaOn                             0x08003007   Thumb Code    26  rc522.o(i.PcdAntennaOn)
    PcdAnticoll                              0x08003021   Thumb Code   106  rc522.o(i.PcdAnticoll)
    PcdAuthState                             0x0800308b   Thumb Code    82  rc522.o(i.PcdAuthState)
    PcdComMF522                              0x080030dd   Thumb Code   280  rc522.o(i.PcdComMF522)
    PcdRead                                  0x080031fb   Thumb Code    74  rc522.o(i.PcdRead)
    PcdRequest                               0x08003245   Thumb Code    80  rc522.o(i.PcdRequest)
    PcdReset                                 0x08003295   Thumb Code   128  rc522.o(i.PcdReset)
    PcdSelect                                0x08003319   Thumb Code    98  rc522.o(i.PcdSelect)
    PendSV_Handler                           0x0800337b   Thumb Code     2  stm32l4xx_it.o(i.PendSV_Handler)
    RC522_Handel                             0x0800337d   Thumb Code   180  rc522.o(i.RC522_Handel)
    RC522_Init                               0x08003441   Thumb Code    42  rc522.o(i.RC522_Init)
    ReadRawRC                                0x080034ed   Thumb Code    50  rc522.o(i.ReadRawRC)
    SCCB_Init                                0x08003525   Thumb Code   124  sccb.o(i.SCCB_Init)
    SCCB_No_Ack                              0x080035ad   Thumb Code    76  sccb.o(i.SCCB_No_Ack)
    SCCB_RD_Byte                             0x08003601   Thumb Code   116  sccb.o(i.SCCB_RD_Byte)
    SCCB_RD_Reg                              0x0800367d   Thumb Code    76  sccb.o(i.SCCB_RD_Reg)
    SCCB_Start                               0x080036c9   Thumb Code    64  sccb.o(i.SCCB_Start)
    SCCB_Stop                                0x08003711   Thumb Code    56  sccb.o(i.SCCB_Stop)
    SCCB_WR_Byte                             0x08003751   Thumb Code   172  sccb.o(i.SCCB_WR_Byte)
    SCCB_WR_Reg                              0x08003805   Thumb Code    62  sccb.o(i.SCCB_WR_Reg)
    SPI1_Init                                0x08003845   Thumb Code   132  rc522.o(i.SPI1_Init)
    SPI3_Init                                0x080038d5   Thumb Code    66  spi3.o(i.SPI3_Init)
    SPI3_WriteByte                           0x08003921   Thumb Code    14  spi3.o(i.SPI3_WriteByte)
    SPI_RC522_ReadByte                       0x0800397d   Thumb Code    88  rc522.o(i.SPI_RC522_ReadByte)
    SPI_RC522_SendByte                       0x080039d9   Thumb Code    90  rc522.o(i.SPI_RC522_SendByte)
    SVC_Handler                              0x08003b63   Thumb Code     2  stm32l4xx_it.o(i.SVC_Handler)
    SetBitMask                               0x08003b65   Thumb Code    24  rc522.o(i.SetBitMask)
    ShowID                                   0x08003b7d   Thumb Code   206  rc522.o(i.ShowID)
    SysTick_Handler                          0x08003c7d   Thumb Code     4  stm32l4xx_it.o(i.SysTick_Handler)
    SystemClock_Config                       0x08003c81   Thumb Code   106  sys.o(i.SystemClock_Config)
    SystemInit                               0x08003cf1   Thumb Code    56  system_stm32l4xx.o(i.SystemInit)
    TIM2_CH4_Cap_Init                        0x08003d35   Thumb Code    56  exti.o(i.TIM2_CH4_Cap_Init)
    TIM2_IRQHandler                          0x08003d71   Thumb Code     6  exti.o(i.TIM2_IRQHandler)
    TIM3_IRQHandler                          0x08003d7d   Thumb Code     6  timer.o(i.TIM3_IRQHandler)
    TIM3_Init                                0x08003d89   Thumb Code    34  timer.o(i.TIM3_Init)
    TIM_Base_SetConfig                       0x08003db5   Thumb Code   160  stm32l4xx_hal_tim.o(i.TIM_Base_SetConfig)
    TIM_CCxChannelCmd                        0x08003e75   Thumb Code    26  stm32l4xx_hal_tim.o(i.TIM_CCxChannelCmd)
    TIM_TI1_SetConfig                        0x08003e91   Thumb Code    94  stm32l4xx_hal_tim.o(i.TIM_TI1_SetConfig)
    UART_AdvFeatureConfig                    0x08003f3f   Thumb Code   200  stm32l4xx_hal_uart.o(i.UART_AdvFeatureConfig)
    UART_CheckIdleState                      0x08004007   Thumb Code    92  stm32l4xx_hal_uart.o(i.UART_CheckIdleState)
    UART_SetConfig                           0x08004099   Thumb Code   652  stm32l4xx_hal_uart.o(i.UART_SetConfig)
    UART_WaitOnFlagUntilTimeout              0x08004355   Thumb Code    98  stm32l4xx_hal_uart.o(i.UART_WaitOnFlagUntilTimeout)
    USART2_IRQHandler                        0x080043b9   Thumb Code   100  usart.o(i.USART2_IRQHandler)
    UsageFault_Handler                       0x08004425   Thumb Code     2  stm32l4xx_it.o(i.UsageFault_Handler)
    WriteRawRC                               0x08004429   Thumb Code    48  rc522.o(i.WriteRawRC)
    _sys_exit                                0x0800445d   Thumb Code     2  usart.o(i._sys_exit)
    delay_init                               0x08004461   Thumb Code    16  delay.o(i.delay_init)
    delay_ms                                 0x08004475   Thumb Code    26  delay.o(i.delay_ms)
    delay_us                                 0x08004491   Thumb Code    48  delay.o(i.delay_us)
    fputc                                    0x080044c5   Thumb Code    18  usart.o(i.fputc)
    jieshou                                  0x080044dd   Thumb Code    68  wifista.o(i.jieshou)
    lianjie                                  0x08004529   Thumb Code   250  wifista.o(i.lianjie)
    main                                     0x080046d1   Thumb Code   874  main.o(i.main)
    my_mem_init                              0x08004af1   Thumb Code    34  malloc.o(i.my_mem_init)
    my_mem_malloc                            0x08004b1d   Thumb Code   126  malloc.o(i.my_mem_malloc)
    my_mem_perused                           0x08004ba5   Thumb Code    50  malloc.o(i.my_mem_perused)
    mymalloc                                 0x08004be1   Thumb Code    28  malloc.o(i.mymalloc)
    mymemset                                 0x08004c01   Thumb Code    12  malloc.o(i.mymemset)
    sencmd                                   0x08004c0d   Thumb Code    20  wifista.o(i.sencmd)
    sendphoto                                0x08004c29   Thumb Code   116  wifista.o(i.sendphoto)
    uart_init                                0x08004cad   Thumb Code    60  usart.o(i.uart_init)
    __aeabi_d2f                              0x08004cf1   Thumb Code     0  d2f.o(x$fpl$d2f)
    _d2f                                     0x08004cf1   Thumb Code    98  d2f.o(x$fpl$d2f)
    __aeabi_dadd                             0x08004d55   Thumb Code     0  daddsub_clz.o(x$fpl$dadd)
    _dadd                                    0x08004d55   Thumb Code   332  daddsub_clz.o(x$fpl$dadd)
    __aeabi_ui2d                             0x08004ea5   Thumb Code     0  dflt_clz.o(x$fpl$dfltu)
    _dfltu                                   0x08004ea5   Thumb Code    38  dflt_clz.o(x$fpl$dfltu)
    __aeabi_dmul                             0x08004ecd   Thumb Code     0  dmul.o(x$fpl$dmul)
    _dmul                                    0x08004ecd   Thumb Code   332  dmul.o(x$fpl$dmul)
    __fpl_dnaninf                            0x08005021   Thumb Code   156  dnaninf.o(x$fpl$dnaninf)
    __fpl_dretinf                            0x080050bd   Thumb Code    12  dretinf.o(x$fpl$dretinf)
    __aeabi_dsub                             0x080050c9   Thumb Code     0  daddsub_clz.o(x$fpl$dsub)
    _dsub                                    0x080050c9   Thumb Code   464  daddsub_clz.o(x$fpl$dsub)
    _fp_init                                 0x0800529d   Thumb Code    10  fpinit.o(x$fpl$fpinit)
    __fplib_config_fpu_vfp                   0x080052a5   Thumb Code     0  fpinit.o(x$fpl$fpinit)
    __fplib_config_pureend_doubles           0x080052a5   Thumb Code     0  fpinit.o(x$fpl$fpinit)
    __fpl_fretinf                            0x080052a7   Thumb Code    10  fretinf.o(x$fpl$fretinf)
    AHBPrescTable                            0x080052b0   Data          16  system_stm32l4xx.o(.constdata)
    __I$use$fp                               0x080052b0   Number         0  usenofp.o(x$fpl$usenofp)
    MSIRangeTable                            0x080052c0   Data          48  system_stm32l4xx.o(.constdata)
    APBPrescTable                            0x080052f0   Data           8  system_stm32l4xx.o(.constdata)
    asc2_1206                                0x080052f8   Data        1140  lcd.o(.constdata)
    asc2_1608                                0x0800576c   Data        1520  lcd.o(.constdata)
    asc2_2412                                0x08005d5c   Data        4560  lcd.o(.constdata)
    asc2_3216                                0x08006f2c   Data       12160  lcd.o(.constdata)
    ALIENTEK_LOGO                            0x08009eac   Data       39360  lcd.o(.constdata)
    ov7725_init_reg_tb1                      0x0801386c   Data         130  ov7725.o(.constdata)
    memtblsize                               0x080138f0   Data           8  malloc.o(.constdata)
    memblksize                               0x080138f8   Data           8  malloc.o(.constdata)
    memsize                                  0x08013900   Data           8  malloc.o(.constdata)
    Region$$Table$$Base                      0x08013908   Number         0  anon$$obj.o(Region$$Table)
    Region$$Table$$Limit                     0x08013928   Number         0  anon$$obj.o(Region$$Table)
    mem2base                                 0x10000000   Data       30720  malloc.o(.ARM.__AT_0x10000000)
    mem2mapbase                              0x10007800   Data        1920  malloc.o(.ARM.__AT_0x10007800)
    SystemCoreClock                          0x20000000   Data           4  system_stm32l4xx.o(.data)
    uwTick                                   0x20000004   Data           4  stm32l4xx_hal.o(.data)
    USART_RX_STA                             0x2000000c   Data           2  usart.o(.data)
    __stdout                                 0x20000010   Data           4  usart.o(.data)
    POINT_COLOR                              0x20000014   Data           2  lcd.o(.data)
    BACK_COLOR                               0x20000016   Data           2  lcd.o(.data)
    ov_sta                                   0x20000018   Data           1  exti.o(.data)
    ov_frame                                 0x2000001a   Data           1  timer.o(.data)
    mallco_dev                               0x2000001c   Data          28  malloc.o(.data)
    s                                        0x20000038   Data           1  rc522.o(.data)
    status                                   0x20000039   Data           1  rc522.o(.data)
    CT                                       0x2000003a   Data           2  rc522.o(.data)
    SN                                       0x2000003c   Data           4  rc522.o(.data)
    KEY                                      0x20000040   Data           6  rc522.o(.data)
    USART_RX_BUF                             0x20000228   Data         200  usart.o(.bss)
    UART1_Handler                            0x200002f0   Data         120  usart.o(.bss)
    SPI3_Handler                             0x200007e8   Data         100  spi3.o(.bss)
    TIM2_Handler                             0x2000084c   Data          64  exti.o(.bss)
    TIM3_Handler                             0x2000088c   Data          64  timer.o(.bss)
    mem1base                                 0x200008e0   Data       65536  malloc.o(.bss)
    mem1mapbase                              0x200108e0   Data        4096  malloc.o(.bss)
    RFID                                     0x200118e0   Data          16  rc522.o(.bss)
    __libspace_start                         0x200118f0   Data          96  libspace.o(.bss)
    __temporary_stack_top$libspace           0x20011950   Data           0  libspace.o(.bss)



==============================================================================

Memory Map of the image

  Image Entry point : 0x08000189

  Load Region LR_IROM1 (Base: 0x08000000, Size: 0x00013970, Max: 0x00080000, ABSOLUTE)

    Execution Region ER_IROM1 (Exec base: 0x08000000, Load base: 0x08000000, Size: 0x00013928, Max: 0x00080000, ABSOLUTE)

    Exec Addr    Load Addr    Size         Type   Attr      Idx    E Section Name        Object

    0x08000000   0x08000000   0x00000188   Data   RO          586    RESET               startup_stm32l475xx.o
    0x08000188   0x08000188   0x00000008   Code   RO         4840  * !!!main             c_w.l(__main.o)
    0x08000190   0x08000190   0x00000034   Code   RO         5047    !!!scatter          c_w.l(__scatter.o)
    0x080001c4   0x080001c4   0x0000001a   Code   RO         5049    !!handler_copy      c_w.l(__scatter_copy.o)
    0x080001de   0x080001de   0x00000002   PAD
    0x080001e0   0x080001e0   0x0000001c   Code   RO         5051    !!handler_zi        c_w.l(__scatter_zi.o)
    0x080001fc   0x080001fc   0x00000000   Code   RO         4833    .ARM.Collect$$_printf_percent$$00000000  c_w.l(_printf_percent.o)
    0x080001fc   0x080001fc   0x00000006   Code   RO         4832    .ARM.Collect$$_printf_percent$$00000009  c_w.l(_printf_d.o)
    0x08000202   0x08000202   0x00000006   Code   RO         4831    .ARM.Collect$$_printf_percent$$00000014  c_w.l(_printf_s.o)
    0x08000208   0x08000208   0x00000004   Code   RO         4875    .ARM.Collect$$_printf_percent$$00000017  c_w.l(_printf_percent_end.o)
    0x0800020c   0x0800020c   0x00000002   Code   RO         4921    .ARM.Collect$$libinit$$00000000  c_w.l(libinit.o)
    0x0800020e   0x0800020e   0x00000004   Code   RO         4933    .ARM.Collect$$libinit$$00000001  c_w.l(libinit2.o)
    0x08000212   0x08000212   0x00000000   Code   RO         4936    .ARM.Collect$$libinit$$00000004  c_w.l(libinit2.o)
    0x08000212   0x08000212   0x00000000   Code   RO         4939    .ARM.Collect$$libinit$$0000000A  c_w.l(libinit2.o)
    0x08000212   0x08000212   0x00000000   Code   RO         4941    .ARM.Collect$$libinit$$0000000C  c_w.l(libinit2.o)
    0x08000212   0x08000212   0x00000000   Code   RO         4943    .ARM.Collect$$libinit$$0000000E  c_w.l(libinit2.o)
    0x08000212   0x08000212   0x00000000   Code   RO         4946    .ARM.Collect$$libinit$$00000011  c_w.l(libinit2.o)
    0x08000212   0x08000212   0x00000000   Code   RO         4948    .ARM.Collect$$libinit$$00000013  c_w.l(libinit2.o)
    0x08000212   0x08000212   0x00000000   Code   RO         4950    .ARM.Collect$$libinit$$00000015  c_w.l(libinit2.o)
    0x08000212   0x08000212   0x00000000   Code   RO         4952    .ARM.Collect$$libinit$$00000017  c_w.l(libinit2.o)
    0x08000212   0x08000212   0x00000000   Code   RO         4954    .ARM.Collect$$libinit$$00000019  c_w.l(libinit2.o)
    0x08000212   0x08000212   0x00000000   Code   RO         4956    .ARM.Collect$$libinit$$0000001B  c_w.l(libinit2.o)
    0x08000212   0x08000212   0x00000000   Code   RO         4958    .ARM.Collect$$libinit$$0000001D  c_w.l(libinit2.o)
    0x08000212   0x08000212   0x00000000   Code   RO         4960    .ARM.Collect$$libinit$$0000001F  c_w.l(libinit2.o)
    0x08000212   0x08000212   0x00000000   Code   RO         4962    .ARM.Collect$$libinit$$00000021  c_w.l(libinit2.o)
    0x08000212   0x08000212   0x00000000   Code   RO         4964    .ARM.Collect$$libinit$$00000023  c_w.l(libinit2.o)
    0x08000212   0x08000212   0x00000000   Code   RO         4966    .ARM.Collect$$libinit$$00000025  c_w.l(libinit2.o)
    0x08000212   0x08000212   0x00000000   Code   RO         4970    .ARM.Collect$$libinit$$0000002C  c_w.l(libinit2.o)
    0x08000212   0x08000212   0x00000000   Code   RO         4972    .ARM.Collect$$libinit$$0000002E  c_w.l(libinit2.o)
    0x08000212   0x08000212   0x00000000   Code   RO         4974    .ARM.Collect$$libinit$$00000030  c_w.l(libinit2.o)
    0x08000212   0x08000212   0x00000000   Code   RO         4976    .ARM.Collect$$libinit$$00000032  c_w.l(libinit2.o)
    0x08000212   0x08000212   0x00000002   Code   RO         4977    .ARM.Collect$$libinit$$00000033  c_w.l(libinit2.o)
    0x08000214   0x08000214   0x00000002   Code   RO         5003    .ARM.Collect$$libshutdown$$00000000  c_w.l(libshutdown.o)
    0x08000216   0x08000216   0x00000000   Code   RO         5030    .ARM.Collect$$libshutdown$$00000002  c_w.l(libshutdown2.o)
    0x08000216   0x08000216   0x00000000   Code   RO         5032    .ARM.Collect$$libshutdown$$00000004  c_w.l(libshutdown2.o)
    0x08000216   0x08000216   0x00000000   Code   RO         5035    .ARM.Collect$$libshutdown$$00000007  c_w.l(libshutdown2.o)
    0x08000216   0x08000216   0x00000000   Code   RO         5038    .ARM.Collect$$libshutdown$$0000000A  c_w.l(libshutdown2.o)
    0x08000216   0x08000216   0x00000000   Code   RO         5040    .ARM.Collect$$libshutdown$$0000000C  c_w.l(libshutdown2.o)
    0x08000216   0x08000216   0x00000000   Code   RO         5043    .ARM.Collect$$libshutdown$$0000000F  c_w.l(libshutdown2.o)
    0x08000216   0x08000216   0x00000002   Code   RO         5044    .ARM.Collect$$libshutdown$$00000010  c_w.l(libshutdown2.o)
    0x08000218   0x08000218   0x00000000   Code   RO         4860    .ARM.Collect$$rtentry$$00000000  c_w.l(__rtentry.o)
    0x08000218   0x08000218   0x00000000   Code   RO         4886    .ARM.Collect$$rtentry$$00000002  c_w.l(__rtentry2.o)
    0x08000218   0x08000218   0x00000006   Code   RO         4898    .ARM.Collect$$rtentry$$00000004  c_w.l(__rtentry4.o)
    0x0800021e   0x0800021e   0x00000000   Code   RO         4888    .ARM.Collect$$rtentry$$00000009  c_w.l(__rtentry2.o)
    0x0800021e   0x0800021e   0x00000004   Code   RO         4889    .ARM.Collect$$rtentry$$0000000A  c_w.l(__rtentry2.o)
    0x08000222   0x08000222   0x00000000   Code   RO         4891    .ARM.Collect$$rtentry$$0000000C  c_w.l(__rtentry2.o)
    0x08000222   0x08000222   0x00000008   Code   RO         4892    .ARM.Collect$$rtentry$$0000000D  c_w.l(__rtentry2.o)
    0x0800022a   0x0800022a   0x00000002   Code   RO         4925    .ARM.Collect$$rtexit$$00000000  c_w.l(rtexit.o)
    0x0800022c   0x0800022c   0x00000000   Code   RO         4979    .ARM.Collect$$rtexit$$00000002  c_w.l(rtexit2.o)
    0x0800022c   0x0800022c   0x00000004   Code   RO         4980    .ARM.Collect$$rtexit$$00000003  c_w.l(rtexit2.o)
    0x08000230   0x08000230   0x00000006   Code   RO         4981    .ARM.Collect$$rtexit$$00000004  c_w.l(rtexit2.o)
    0x08000236   0x08000236   0x00000002   PAD
    0x08000238   0x08000238   0x00000040   Code   RO          587    .text               startup_stm32l475xx.o
    0x08000278   0x08000278   0x00000002   Code   RO         4793    .text               c_w.l(use_no_semi_2.o)
    0x0800027a   0x0800027a   0x000000ee   Code   RO         4795    .text               c_w.l(lludivv7m.o)
    0x08000368   0x08000368   0x00000018   Code   RO         4801    .text               c_w.l(noretval__2printf.o)
    0x08000380   0x08000380   0x00000028   Code   RO         4803    .text               c_w.l(noretval__2sprintf.o)
    0x080003a8   0x080003a8   0x00000068   Code   RO         4805    .text               c_w.l(__printf.o)
    0x08000410   0x08000410   0x00000052   Code   RO         4807    .text               c_w.l(_printf_str.o)
    0x08000462   0x08000462   0x00000002   PAD
    0x08000464   0x08000464   0x00000078   Code   RO         4809    .text               c_w.l(_printf_dec.o)
    0x080004dc   0x080004dc   0x00000006   Code   RO         4838    .text               c_w.l(heapauxi.o)
    0x080004e2   0x080004e2   0x00000002   Code   RO         4858    .text               c_w.l(use_no_semi.o)
    0x080004e4   0x080004e4   0x000000b2   Code   RO         4865    .text               c_w.l(_printf_intcommon.o)
    0x08000596   0x08000596   0x00000002   PAD
    0x08000598   0x08000598   0x00000030   Code   RO         4867    .text               c_w.l(_printf_char_common.o)
    0x080005c8   0x080005c8   0x0000000a   Code   RO         4869    .text               c_w.l(_sputc.o)
    0x080005d2   0x080005d2   0x0000002c   Code   RO         4871    .text               c_w.l(_printf_char.o)
    0x080005fe   0x080005fe   0x00000002   PAD
    0x08000600   0x08000600   0x00000024   Code   RO         4873    .text               c_w.l(_printf_char_file.o)
    0x08000624   0x08000624   0x00000008   Code   RO         4904    .text               c_w.l(ferror.o)
    0x0800062c   0x0800062c   0x0000004a   Code   RO         4908    .text               c_w.l(sys_stackheap_outer.o)
    0x08000676   0x08000676   0x00000012   Code   RO         4910    .text               c_w.l(exit.o)
    0x08000688   0x08000688   0x00000008   Code   RO         4922    .text               c_w.l(libspace.o)
    0x08000690   0x08000690   0x00000044   Code   RO         4574    i.AHT10_Init        aht10.o
    0x080006d4   0x080006d4   0x00000048   Code   RO         4576    i.AHT10_Read_Data   aht10.o
    0x0800071c   0x0800071c   0x00000070   Code   RO         4577    i.AHT10_Read_Humidity  aht10.o
    0x0800078c   0x0800078c   0x00000084   Code   RO         4578    i.AHT10_Read_Temperature  aht10.o
    0x08000810   0x08000810   0x00000048   Code   RO         4579    i.AHT10_Write_Data  aht10.o
    0x08000858   0x08000858   0x00000044   Code   RO         4550    i.BEEP_Init         beep.o
    0x0800089c   0x0800089c   0x00000002   Code   RO          362    i.BusFault_Handler  stm32l4xx_it.o
    0x0800089e   0x0800089e   0x00000066   Code   RO         4367    i.CalulateCRC       rc522.o
    0x08000904   0x08000904   0x00000018   Code   RO         4368    i.ClearBitMask      rc522.o
    0x0800091c   0x0800091c   0x00000002   Code   RO          363    i.DebugMon_Handler  stm32l4xx_it.o
    0x0800091e   0x0800091e   0x00000008   Code   RO         4145    i.EXTI15_10_IRQHandler  exti.o
    0x08000926   0x08000926   0x0000004e   Code   RO         2316    i.HAL_DMA_Abort_IT  stm32l4xx_hal_dma.o
    0x08000974   0x08000974   0x00000060   Code   RO         4147    i.HAL_GPIO_EXTI_Callback  exti.o
    0x080009d4   0x080009d4   0x0000001c   Code   RO          947    i.HAL_GPIO_EXTI_IRQHandler  stm32l4xx_hal_gpio.o
    0x080009f0   0x080009f0   0x000001d2   Code   RO          948    i.HAL_GPIO_Init     stm32l4xx_hal_gpio.o
    0x08000bc2   0x08000bc2   0x0000000a   Code   RO          950    i.HAL_GPIO_ReadPin  stm32l4xx_hal_gpio.o
    0x08000bcc   0x08000bcc   0x00000008   Code   RO          951    i.HAL_GPIO_TogglePin  stm32l4xx_hal_gpio.o
    0x08000bd4   0x08000bd4   0x0000000a   Code   RO          952    i.HAL_GPIO_WritePin  stm32l4xx_hal_gpio.o
    0x08000bde   0x08000bde   0x00000002   PAD
    0x08000be0   0x08000be0   0x0000000c   Code   RO          605    i.HAL_GetTick       stm32l4xx_hal.o
    0x08000bec   0x08000bec   0x00000010   Code   RO          609    i.HAL_IncTick       stm32l4xx_hal.o
    0x08000bfc   0x08000bfc   0x0000001e   Code   RO          610    i.HAL_Init          stm32l4xx_hal.o
    0x08000c1a   0x08000c1a   0x00000002   PAD
    0x08000c1c   0x08000c1c   0x00000030   Code   RO          611    i.HAL_InitTick      stm32l4xx_hal.o
    0x08000c4c   0x08000c4c   0x00000002   Code   RO          613    i.HAL_MspInit       stm32l4xx_hal.o
    0x08000c4e   0x08000c4e   0x00000016   Code   RO          815    i.HAL_NVIC_EnableIRQ  stm32l4xx_hal_cortex.o
    0x08000c64   0x08000c64   0x00000040   Code   RO          821    i.HAL_NVIC_SetPriority  stm32l4xx_hal_cortex.o
    0x08000ca4   0x08000ca4   0x00000024   Code   RO          822    i.HAL_NVIC_SetPriorityGrouping  stm32l4xx_hal_cortex.o
    0x08000cc8   0x08000cc8   0x00000068   Code   RO         1126    i.HAL_PWREx_ControlVoltageScaling  stm32l4xx_hal_pwr_ex.o
    0x08000d30   0x08000d30   0x00000010   Code   RO         1157    i.HAL_PWREx_GetVoltageRange  stm32l4xx_hal_pwr_ex.o
    0x08000d40   0x08000d40   0x00000124   Code   RO         1372    i.HAL_RCC_ClockConfig  stm32l4xx_hal_rcc.o
    0x08000e64   0x08000e64   0x00000024   Code   RO         1378    i.HAL_RCC_GetPCLK1Freq  stm32l4xx_hal_rcc.o
    0x08000e88   0x08000e88   0x00000024   Code   RO         1379    i.HAL_RCC_GetPCLK2Freq  stm32l4xx_hal_rcc.o
    0x08000eac   0x08000eac   0x000000a8   Code   RO         1380    i.HAL_RCC_GetSysClockFreq  stm32l4xx_hal_rcc.o
    0x08000f54   0x08000f54   0x00000454   Code   RO         1383    i.HAL_RCC_OscConfig  stm32l4xx_hal_rcc.o
    0x080013a8   0x080013a8   0x000000ac   Code   RO         3336    i.HAL_SPI_Init      stm32l4xx_hal_spi.o
    0x08001454   0x08001454   0x00000050   Code   RO         3968    i.HAL_SPI_MspInit   spi3.o
    0x080014a4   0x080014a4   0x00000188   Code   RO         3344    i.HAL_SPI_Transmit  stm32l4xx_hal_spi.o
    0x0800162c   0x0800162c   0x00000018   Code   RO          824    i.HAL_SYSTICK_CLKSourceConfig  stm32l4xx_hal_cortex.o
    0x08001644   0x08001644   0x00000028   Code   RO          826    i.HAL_SYSTICK_Config  stm32l4xx_hal_cortex.o
    0x0800166c   0x0800166c   0x00000002   Code   RO         3068    i.HAL_TIMEx_Break2Callback  stm32l4xx_hal_tim_ex.o
    0x0800166e   0x0800166e   0x00000002   Code   RO         3069    i.HAL_TIMEx_BreakCallback  stm32l4xx_hal_tim_ex.o
    0x08001670   0x08001670   0x00000002   Code   RO         3070    i.HAL_TIMEx_CommutationCallback  stm32l4xx_hal_tim_ex.o
    0x08001672   0x08001672   0x00000036   Code   RO         2429    i.HAL_TIM_Base_Init  stm32l4xx_hal_tim.o
    0x080016a8   0x080016a8   0x0000003c   Code   RO         4240    i.HAL_TIM_Base_MspInit  timer.o
    0x080016e4   0x080016e4   0x00000030   Code   RO         2434    i.HAL_TIM_Base_Start_IT  stm32l4xx_hal_tim.o
    0x08001714   0x08001714   0x00000054   Code   RO         4148    i.HAL_TIM_IC_CaptureCallback  exti.o
    0x08001768   0x08001768   0x0000011c   Code   RO         2459    i.HAL_TIM_IC_ConfigChannel  stm32l4xx_hal_tim.o
    0x08001884   0x08001884   0x00000036   Code   RO         2462    i.HAL_TIM_IC_Init   stm32l4xx_hal_tim.o
    0x080018ba   0x080018ba   0x00000002   PAD
    0x080018bc   0x080018bc   0x00000060   Code   RO         4149    i.HAL_TIM_IC_MspInit  exti.o
    0x0800191c   0x0800191c   0x00000064   Code   RO         2467    i.HAL_TIM_IC_Start_IT  stm32l4xx_hal_tim.o
    0x08001980   0x08001980   0x00000184   Code   RO         2471    i.HAL_TIM_IRQHandler  stm32l4xx_hal_tim.o
    0x08001b04   0x08001b04   0x00000002   Code   RO         2474    i.HAL_TIM_OC_DelayElapsedCallback  stm32l4xx_hal_tim.o
    0x08001b06   0x08001b06   0x00000002   Code   RO         2501    i.HAL_TIM_PWM_PulseFinishedCallback  stm32l4xx_hal_tim.o
    0x08001b08   0x08001b08   0x00000030   Code   RO         4241    i.HAL_TIM_PeriodElapsedCallback  timer.o
    0x08001b38   0x08001b38   0x00000002   Code   RO         2512    i.HAL_TIM_TriggerCallback  stm32l4xx_hal_tim.o
    0x08001b3a   0x08001b3a   0x00000002   Code   RO         1976    i.HAL_UARTEx_WakeupCallback  stm32l4xx_hal_uart_ex.o
    0x08001b3c   0x08001b3c   0x00000002   Code   RO         1635    i.HAL_UART_ErrorCallback  stm32l4xx_hal_uart.o
    0x08001b3e   0x08001b3e   0x00000002   PAD
    0x08001b40   0x08001b40   0x00000144   Code   RO         1638    i.HAL_UART_IRQHandler  stm32l4xx_hal_uart.o
    0x08001c84   0x08001c84   0x0000006a   Code   RO         1639    i.HAL_UART_Init     stm32l4xx_hal_uart.o
    0x08001cee   0x08001cee   0x00000002   PAD
    0x08001cf0   0x08001cf0   0x00000064   Code   RO         3718    i.HAL_UART_MspInit  usart.o
    0x08001d54   0x08001d54   0x000000ee   Code   RO         1642    i.HAL_UART_Receive  stm32l4xx_hal_uart.o
    0x08001e42   0x08001e42   0x00000002   Code   RO         1650    i.HAL_UART_TxCpltCallback  stm32l4xx_hal_uart.o
    0x08001e44   0x08001e44   0x00000002   Code   RO          364    i.HardFault_Handler  stm32l4xx_it.o
    0x08001e46   0x08001e46   0x00000002   PAD
    0x08001e48   0x08001e48   0x00000058   Code   RO         4631    i.IIC_Ack           myiic.o
    0x08001ea0   0x08001ea0   0x00000074   Code   RO         4633    i.IIC_Init          myiic.o
    0x08001f14   0x08001f14   0x00000058   Code   RO         4634    i.IIC_NAck          myiic.o
    0x08001f6c   0x08001f6c   0x00000078   Code   RO         4635    i.IIC_Read_Byte     myiic.o
    0x08001fe4   0x08001fe4   0x00000078   Code   RO         4636    i.IIC_Send_Byte     myiic.o
    0x0800205c   0x0800205c   0x0000005c   Code   RO         4637    i.IIC_Start         myiic.o
    0x080020b8   0x080020b8   0x0000005c   Code   RO         4638    i.IIC_Stop          myiic.o
    0x08002114   0x08002114   0x00000074   Code   RO         4639    i.IIC_Wait_Ack      myiic.o
    0x08002188   0x08002188   0x00000068   Code   RO         4209    i.KEY_Init          key.o
    0x080021f0   0x080021f0   0x000000e2   Code   RO         4210    i.KEY_Scan          key.o
    0x080022d2   0x080022d2   0x00000002   PAD
    0x080022d4   0x080022d4   0x00000084   Code   RO            4    i.LCD_7725DATA      main.o
    0x08002358   0x08002358   0x00000052   Code   RO         3804    i.LCD_Address_Set   lcd.o
    0x080023aa   0x080023aa   0x00000002   PAD
    0x080023ac   0x080023ac   0x00000058   Code   RO         3805    i.LCD_Clear         lcd.o
    0x08002404   0x08002404   0x00000080   Code   RO         3813    i.LCD_Fill          lcd.o
    0x08002484   0x08002484   0x000000a4   Code   RO         3814    i.LCD_Gpio_Init     lcd.o
    0x08002528   0x08002528   0x000001a0   Code   RO         3815    i.LCD_Init          lcd.o
    0x080026c8   0x080026c8   0x00000010   Code   RO         3816    i.LCD_Pow           lcd.o
    0x080026d8   0x080026d8   0x00000004   Code   RO         3817    i.LCD_SPI_Send      lcd.o
    0x080026dc   0x080026dc   0x00000142   Code   RO         3818    i.LCD_ShowChar      lcd.o
    0x0800281e   0x0800281e   0x00000070   Code   RO         3819    i.LCD_ShowNum       lcd.o
    0x0800288e   0x0800288e   0x0000004c   Code   RO         3820    i.LCD_ShowString    lcd.o
    0x080028da   0x080028da   0x00000002   PAD
    0x080028dc   0x080028dc   0x0000001c   Code   RO         3823    i.LCD_Write_Cmd     lcd.o
    0x080028f8   0x080028f8   0x0000001c   Code   RO         3824    i.LCD_Write_Data    lcd.o
    0x08002914   0x08002914   0x00000028   Code   RO         3825    i.LCD_Write_HalfWord  lcd.o
    0x0800293c   0x0800293c   0x00000048   Code   RO         3779    i.LED_Init          led.o
    0x08002984   0x08002984   0x00000056   Code   RO         4370    i.M500PcdConfigISOType  rc522.o
    0x080029da   0x080029da   0x00000002   Code   RO          365    i.MemManage_Handler  stm32l4xx_it.o
    0x080029dc   0x080029dc   0x00000002   Code   RO          366    i.NMI_Handler       stm32l4xx_it.o
    0x080029de   0x080029de   0x00000020   Code   RO          828    i.NVIC_SetPriority  stm32l4xx_hal_cortex.o
    0x080029fe   0x080029fe   0x0000004e   Code   RO         4013    i.OV7725_Brightness  ov7725.o
    0x08002a4c   0x08002a4c   0x00000022   Code   RO         4014    i.OV7725_Color_Saturation  ov7725.o
    0x08002a6e   0x08002a6e   0x00000016   Code   RO         4015    i.OV7725_Contrast   ov7725.o
    0x08002a84   0x08002a84   0x000001fc   Code   RO         4016    i.OV7725_Init       ov7725.o
    0x08002c80   0x08002c80   0x00000098   Code   RO         4017    i.OV7725_Light_Mode  ov7725.o
    0x08002d18   0x08002d18   0x0000008a   Code   RO         4018    i.OV7725_Special_Effects  ov7725.o
    0x08002da2   0x08002da2   0x00000146   Code   RO         4019    i.OV7725_Window_Set  ov7725.o
    0x08002ee8   0x08002ee8   0x0000011e   Code   RO            5    i.OV7725_camera_refresh  main.o
    0x08003006   0x08003006   0x0000001a   Code   RO         4372    i.PcdAntennaOn      rc522.o
    0x08003020   0x08003020   0x0000006a   Code   RO         4373    i.PcdAnticoll       rc522.o
    0x0800308a   0x0800308a   0x00000052   Code   RO         4374    i.PcdAuthState      rc522.o
    0x080030dc   0x080030dc   0x0000011e   Code   RO         4375    i.PcdComMF522       rc522.o
    0x080031fa   0x080031fa   0x0000004a   Code   RO         4377    i.PcdRead           rc522.o
    0x08003244   0x08003244   0x00000050   Code   RO         4378    i.PcdRequest        rc522.o
    0x08003294   0x08003294   0x00000084   Code   RO         4379    i.PcdReset          rc522.o
    0x08003318   0x08003318   0x00000062   Code   RO         4380    i.PcdSelect         rc522.o
    0x0800337a   0x0800337a   0x00000002   Code   RO          367    i.PendSV_Handler    stm32l4xx_it.o
    0x0800337c   0x0800337c   0x000000c4   Code   RO         4382    i.RC522_Handel      rc522.o
    0x08003440   0x08003440   0x00000030   Code   RO         4383    i.RC522_Init        rc522.o
    0x08003470   0x08003470   0x0000007c   Code   RO         1384    i.RCC_SetFlashLatencyFromMSIRange  stm32l4xx_hal_rcc.o
    0x080034ec   0x080034ec   0x00000038   Code   RO         4384    i.ReadRawRC         rc522.o
    0x08003524   0x08003524   0x00000088   Code   RO         4079    i.SCCB_Init         sccb.o
    0x080035ac   0x080035ac   0x00000054   Code   RO         4080    i.SCCB_No_Ack       sccb.o
    0x08003600   0x08003600   0x0000007c   Code   RO         4081    i.SCCB_RD_Byte      sccb.o
    0x0800367c   0x0800367c   0x0000004c   Code   RO         4082    i.SCCB_RD_Reg       sccb.o
    0x080036c8   0x080036c8   0x00000048   Code   RO         4083    i.SCCB_Start        sccb.o
    0x08003710   0x08003710   0x00000040   Code   RO         4084    i.SCCB_Stop         sccb.o
    0x08003750   0x08003750   0x000000b4   Code   RO         4085    i.SCCB_WR_Byte      sccb.o
    0x08003804   0x08003804   0x0000003e   Code   RO         4086    i.SCCB_WR_Reg       sccb.o
    0x08003842   0x08003842   0x00000002   PAD
    0x08003844   0x08003844   0x00000090   Code   RO         4385    i.SPI1_Init         rc522.o
    0x080038d4   0x080038d4   0x0000004c   Code   RO         3969    i.SPI3_Init         spi3.o
    0x08003920   0x08003920   0x00000014   Code   RO         3971    i.SPI3_WriteByte    spi3.o
    0x08003934   0x08003934   0x00000048   Code   RO         3374    i.SPI_EndRxTxTransaction  stm32l4xx_hal_spi.o
    0x0800397c   0x0800397c   0x0000005c   Code   RO         4386    i.SPI_RC522_ReadByte  rc522.o
    0x080039d8   0x080039d8   0x00000060   Code   RO         4387    i.SPI_RC522_SendByte  rc522.o
    0x08003a38   0x08003a38   0x00000096   Code   RO         3379    i.SPI_WaitFifoStateUntilTimeout  stm32l4xx_hal_spi.o
    0x08003ace   0x08003ace   0x00000094   Code   RO         3380    i.SPI_WaitFlagStateUntilTimeout  stm32l4xx_hal_spi.o
    0x08003b62   0x08003b62   0x00000002   Code   RO          368    i.SVC_Handler       stm32l4xx_it.o
    0x08003b64   0x08003b64   0x00000018   Code   RO         4388    i.SetBitMask        rc522.o
    0x08003b7c   0x08003b7c   0x00000100   Code   RO         4389    i.ShowID            rc522.o
    0x08003c7c   0x08003c7c   0x00000004   Code   RO          369    i.SysTick_Handler   stm32l4xx_it.o
    0x08003c80   0x08003c80   0x00000070   Code   RO         3653    i.SystemClock_Config  sys.o
    0x08003cf0   0x08003cf0   0x00000044   Code   RO          441    i.SystemInit        system_stm32l4xx.o
    0x08003d34   0x08003d34   0x0000003c   Code   RO         4150    i.TIM2_CH4_Cap_Init  exti.o
    0x08003d70   0x08003d70   0x0000000c   Code   RO         4151    i.TIM2_IRQHandler   exti.o
    0x08003d7c   0x08003d7c   0x0000000c   Code   RO         4242    i.TIM3_IRQHandler   timer.o
    0x08003d88   0x08003d88   0x0000002c   Code   RO         4243    i.TIM3_Init         timer.o
    0x08003db4   0x08003db4   0x000000c0   Code   RO         2513    i.TIM_Base_SetConfig  stm32l4xx_hal_tim.o
    0x08003e74   0x08003e74   0x0000001a   Code   RO         2514    i.TIM_CCxChannelCmd  stm32l4xx_hal_tim.o
    0x08003e8e   0x08003e8e   0x00000002   PAD
    0x08003e90   0x08003e90   0x00000078   Code   RO         2530    i.TIM_TI1_SetConfig  stm32l4xx_hal_tim.o
    0x08003f08   0x08003f08   0x00000036   Code   RO         2532    i.TIM_TI2_SetConfig  stm32l4xx_hal_tim.o
    0x08003f3e   0x08003f3e   0x000000c8   Code   RO         1652    i.UART_AdvFeatureConfig  stm32l4xx_hal_uart.o
    0x08004006   0x08004006   0x0000005c   Code   RO         1653    i.UART_CheckIdleState  stm32l4xx_hal_uart.o
    0x08004062   0x08004062   0x00000014   Code   RO         1654    i.UART_DMAAbortOnError  stm32l4xx_hal_uart.o
    0x08004076   0x08004076   0x00000020   Code   RO         1664    i.UART_EndRxTransfer  stm32l4xx_hal_uart.o
    0x08004096   0x08004096   0x00000002   PAD
    0x08004098   0x08004098   0x000002bc   Code   RO         1668    i.UART_SetConfig    stm32l4xx_hal_uart.o
    0x08004354   0x08004354   0x00000062   Code   RO         1671    i.UART_WaitOnFlagUntilTimeout  stm32l4xx_hal_uart.o
    0x080043b6   0x080043b6   0x00000002   PAD
    0x080043b8   0x080043b8   0x0000006c   Code   RO         3719    i.USART2_IRQHandler  usart.o
    0x08004424   0x08004424   0x00000002   Code   RO          370    i.UsageFault_Handler  stm32l4xx_it.o
    0x08004426   0x08004426   0x00000002   PAD
    0x08004428   0x08004428   0x00000034   Code   RO         4390    i.WriteRawRC        rc522.o
    0x0800445c   0x0800445c   0x00000002   Code   RO         3720    i._sys_exit         usart.o
    0x0800445e   0x0800445e   0x00000002   PAD
    0x08004460   0x08004460   0x00000014   Code   RO         3680    i.delay_init        delay.o
    0x08004474   0x08004474   0x0000001a   Code   RO         3681    i.delay_ms          delay.o
    0x0800448e   0x0800448e   0x00000002   PAD
    0x08004490   0x08004490   0x00000034   Code   RO         3682    i.delay_us          delay.o
    0x080044c4   0x080044c4   0x00000018   Code   RO         3721    i.fputc             usart.o
    0x080044dc   0x080044dc   0x0000004c   Code   RO         4710    i.jieshou           wifista.o
    0x08004528   0x08004528   0x000001a8   Code   RO         4711    i.lianjie           wifista.o
    0x080046d0   0x080046d0   0x00000420   Code   RO            6    i.main              main.o
    0x08004af0   0x08004af0   0x0000002c   Code   RO         4287    i.my_mem_init       malloc.o
    0x08004b1c   0x08004b1c   0x00000088   Code   RO         4288    i.my_mem_malloc     malloc.o
    0x08004ba4   0x08004ba4   0x0000003c   Code   RO         4289    i.my_mem_perused    malloc.o
    0x08004be0   0x08004be0   0x00000020   Code   RO         4291    i.mymalloc          malloc.o
    0x08004c00   0x08004c00   0x0000000c   Code   RO         4293    i.mymemset          malloc.o
    0x08004c0c   0x08004c0c   0x0000001c   Code   RO         4712    i.sencmd            wifista.o
    0x08004c28   0x08004c28   0x00000084   Code   RO         4714    i.sendphoto         wifista.o
    0x08004cac   0x08004cac   0x00000044   Code   RO         3722    i.uart_init         usart.o
    0x08004cf0   0x08004cf0   0x00000062   Code   RO         4842    x$fpl$d2f           fz_wm.l(d2f.o)
    0x08004d52   0x08004d52   0x00000002   PAD
    0x08004d54   0x08004d54   0x00000150   Code   RO         4844    x$fpl$dadd          fz_wm.l(daddsub_clz.o)
    0x08004ea4   0x08004ea4   0x00000026   Code   RO         4850    x$fpl$dfltu         fz_wm.l(dflt_clz.o)
    0x08004eca   0x08004eca   0x00000002   PAD
    0x08004ecc   0x08004ecc   0x00000154   Code   RO         4856    x$fpl$dmul          fz_wm.l(dmul.o)
    0x08005020   0x08005020   0x0000009c   Code   RO         4878    x$fpl$dnaninf       fz_wm.l(dnaninf.o)
    0x080050bc   0x080050bc   0x0000000c   Code   RO         4880    x$fpl$dretinf       fz_wm.l(dretinf.o)
    0x080050c8   0x080050c8   0x000001d4   Code   RO         4846    x$fpl$dsub          fz_wm.l(daddsub_clz.o)
    0x0800529c   0x0800529c   0x0000000a   Code   RO         4991    x$fpl$fpinit        fz_wm.l(fpinit.o)
    0x080052a6   0x080052a6   0x0000000a   Code   RO         4882    x$fpl$fretinf       fz_wm.l(fretinf.o)
    0x080052b0   0x080052b0   0x00000000   Code   RO         4884    x$fpl$usenofp       fz_wm.l(usenofp.o)
    0x080052b0   0x080052b0   0x00000040   Data   RO          442    .constdata          system_stm32l4xx.o
    0x080052f0   0x080052f0   0x00000008   Data   RO          443    .constdata          system_stm32l4xx.o
    0x080052f8   0x080052f8   0x0000e574   Data   RO         3827    .constdata          lcd.o
    0x0801386c   0x0801386c   0x00000082   Data   RO         4020    .constdata          ov7725.o
    0x080138ee   0x080138ee   0x00000002   PAD
    0x080138f0   0x080138f0   0x00000018   Data   RO         4299    .constdata          malloc.o
    0x08013908   0x08013908   0x00000020   Data   RO         5045    Region$$Table       anon$$obj.o


    Execution Region RW_IRAM1 (Exec base: 0x20000000, Load base: 0x08013928, Size: 0x00011f50, Max: 0x00018000, ABSOLUTE)

    Exec Addr    Load Addr    Size         Type   Attr      Idx    E Section Name        Object

    0x20000000   0x08013928   0x00000004   Data   RW          444    .data               system_stm32l4xx.o
    0x20000004   0x0801392c   0x00000004   Data   RW          626    .data               stm32l4xx_hal.o
    0x20000008   0x08013930   0x00000004   Data   RW         3683    .data               delay.o
    0x2000000c   0x08013934   0x00000002   Data   RW         3724    .data               usart.o
    0x2000000e   0x08013936   0x00000002   PAD
    0x20000010   0x08013938   0x00000004   Data   RW         3725    .data               usart.o
    0x20000014   0x0801393c   0x00000004   Data   RW         3828    .data               lcd.o
    0x20000018   0x08013940   0x00000001   Data   RW         4153    .data               exti.o
    0x20000019   0x08013941   0x00000001   Data   RW         4211    .data               key.o
    0x2000001a   0x08013942   0x00000001   Data   RW         4245    .data               timer.o
    0x2000001b   0x08013943   0x00000001   PAD
    0x2000001c   0x08013944   0x0000001c   Data   RW         4300    .data               malloc.o
    0x20000038   0x08013960   0x0000000e   Data   RW         4405    .data               rc522.o
    0x20000046   0x0801396e   0x00000002   PAD
    0x20000048        -       0x000001e0   Zero   RW            7    .bss                main.o
    0x20000228        -       0x00000140   Zero   RW         3723    .bss                usart.o
    0x20000368        -       0x00000480   Zero   RW         3826    .bss                lcd.o
    0x200007e8        -       0x00000064   Zero   RW         3972    .bss                spi3.o
    0x2000084c        -       0x00000040   Zero   RW         4152    .bss                exti.o
    0x2000088c        -       0x00000040   Zero   RW         4244    .bss                timer.o
    0x200008cc   0x0801396e   0x00000014   PAD
    0x200008e0        -       0x00010000   Zero   RW         4297    .bss                malloc.o
    0x200108e0        -       0x00001000   Zero   RW         4298    .bss                malloc.o
    0x200118e0        -       0x00000010   Zero   RW         4392    .bss                rc522.o
    0x200118f0        -       0x00000060   Zero   RW         4923    .bss                c_w.l(libspace.o)
    0x20011950        -       0x00000200   Zero   RW          585    HEAP                startup_stm32l475xx.o
    0x20011b50        -       0x00000400   Zero   RW          584    STACK               startup_stm32l475xx.o



  Load Region LR$$.ARM.__AT_0x10000000 (Base: 0x10000000, Size: 0x00000000, Max: 0x00007800, ABSOLUTE)

    Execution Region ER$$.ARM.__AT_0x10000000 (Exec base: 0x10000000, Load base: 0x10000000, Size: 0x00007800, Max: 0x00007800, ABSOLUTE, UNINIT)

    Exec Addr    Load Addr    Size         Type   Attr      Idx    E Section Name        Object

    0x10000000        -       0x00007800   Zero   RW         4295    .ARM.__AT_0x10000000  malloc.o



  Load Region LR$$.ARM.__AT_0x10007800 (Base: 0x10007800, Size: 0x00000000, Max: 0x00000780, ABSOLUTE)

    Execution Region ER$$.ARM.__AT_0x10007800 (Exec base: 0x10007800, Load base: 0x10007800, Size: 0x00000780, Max: 0x00000780, ABSOLUTE, UNINIT)

    Exec Addr    Load Addr    Size         Type   Attr      Idx    E Section Name        Object

    0x10007800        -       0x00000780   Zero   RW         4296    .ARM.__AT_0x10007800  malloc.o


==============================================================================

Image component sizes


      Code (inc. data)   RO Data    RW Data    ZI Data      Debug   Object Name

       456         42          0          0          0       3993   aht10.o
        68          8          0          0          0        960   beep.o
        98          8          0          4          0       2039   delay.o
       356         38          0          1         64       4430   exti.o
       330         26          0          1          0       1822   key.o
      1504         70      58740          4       1152      11266   lcd.o
        72         10          0          0          0        911   led.o
      1474        210          0          0        480     818040   main.o
       284         34         24         28     102272       5322   malloc.o
       832         76          0          0          0       5878   myiic.o
      1258         68        130          0          0       8489   ov7725.o
      2060        108          0         14         16      16643   rc522.o
       798         52          0          0          0       5509   sccb.o
       176         26          0          0        100       2418   spi3.o
        64         26        392          0       1536        844   startup_stm32l475xx.o
       108         18          0          4          0       4217   stm32l4xx_hal.o
       218         14          0          0          0      31053   stm32l4xx_hal_cortex.o
        78          0          0          0          0       1131   stm32l4xx_hal_dma.o
       522         42          0          0          0       4639   stm32l4xx_hal_gpio.o
       120         20          0          0          0       1418   stm32l4xx_hal_pwr_ex.o
      1764         86          0          0          0       7272   stm32l4xx_hal_rcc.o
       934          0          0          0          0       5622   stm32l4xx_hal_spi.o
      1326         66          0          0          0      11555   stm32l4xx_hal_tim.o
         6          0          0          0          0       2345   stm32l4xx_hal_tim_ex.o
      1814         72          0          0          0      10353   stm32l4xx_hal_uart.o
         2          0          0          0          0       1080   stm32l4xx_hal_uart_ex.o
        20          0          0          0          0       4190   stm32l4xx_it.o
       112          6          0          0          0       1005   sys.o
        68         12         72          4          0       1217   system_stm32l4xx.o
       164         50          0          1         64       2993   timer.o
       302         30          0          6        320       4937   usart.o
       660        206          0          0          0       3133   wifista.o

    ----------------------------------------------------------------------
     18080       1424      59392         72     106024     986724   Object Totals
         0          0         32          0          0          0   (incl. Generated)
        32          0          2          5         20          0   (incl. Padding)

    ----------------------------------------------------------------------

      Code (inc. data)   RO Data    RW Data    ZI Data      Debug   Library Member Name

         8          0          0          0          0         68   __main.o
       104          0          0          0          0         84   __printf.o
         0          0          0          0          0          0   __rtentry.o
        12          0          0          0          0          0   __rtentry2.o
         6          0          0          0          0          0   __rtentry4.o
        52          8          0          0          0          0   __scatter.o
        26          0          0          0          0          0   __scatter_copy.o
        28          0          0          0          0          0   __scatter_zi.o
        44          0          0          0          0        108   _printf_char.o
        48          6          0          0          0         96   _printf_char_common.o
        36          4          0          0          0         80   _printf_char_file.o
         6          0          0          0          0          0   _printf_d.o
       120         16          0          0          0         92   _printf_dec.o
       178          0          0          0          0         88   _printf_intcommon.o
         0          0          0          0          0          0   _printf_percent.o
         4          0          0          0          0          0   _printf_percent_end.o
         6          0          0          0          0          0   _printf_s.o
        82          0          0          0          0         80   _printf_str.o
        10          0          0          0          0         68   _sputc.o
        18          0          0          0          0         80   exit.o
         8          0          0          0          0         68   ferror.o
         6          0          0          0          0        152   heapauxi.o
         2          0          0          0          0          0   libinit.o
         6          0          0          0          0          0   libinit2.o
         2          0          0          0          0          0   libshutdown.o
         2          0          0          0          0          0   libshutdown2.o
         8          4          0          0         96         68   libspace.o
       238          0          0          0          0        100   lludivv7m.o
        24          4          0          0          0         84   noretval__2printf.o
        40          6          0          0          0         84   noretval__2sprintf.o
         2          0          0          0          0          0   rtexit.o
        10          0          0          0          0          0   rtexit2.o
        74          0          0          0          0         80   sys_stackheap_outer.o
         2          0          0          0          0         68   use_no_semi.o
         2          0          0          0          0         68   use_no_semi_2.o
        98          4          0          0          0        140   d2f.o
       804         16          0          0          0        368   daddsub_clz.o
        38          0          0          0          0        116   dflt_clz.o
       340         12          0          0          0        152   dmul.o
       156          4          0          0          0        140   dnaninf.o
        12          0          0          0          0        116   dretinf.o
        10          0          0          0          0        116   fpinit.o
        10          0          0          0          0        116   fretinf.o
         0          0          0          0          0          0   usenofp.o

    ----------------------------------------------------------------------
      2696         84          0          0         96       2880   Library Totals
        14          0          0          0          0          0   (incl. Padding)

    ----------------------------------------------------------------------

      Code (inc. data)   RO Data    RW Data    ZI Data      Debug   Library Name

      1214         48          0          0         96       1616   c_w.l
      1468         36          0          0          0       1264   fz_wm.l

    ----------------------------------------------------------------------
      2696         84          0          0         96       2880   Library Totals

    ----------------------------------------------------------------------

==============================================================================


      Code (inc. data)   RO Data    RW Data    ZI Data      Debug   

     20776       1508      59392         72     106120     972024   Grand Totals
     20776       1508      59392         72     106120     972024   ELF Image Totals
     20776       1508      59392         72          0          0   ROM Totals

==============================================================================

    Total RO  Size (Code + RO Data)                80168 (  78.29kB)
    Total RW  Size (RW Data + ZI Data)            106192 ( 103.70kB)
    Total ROM Size (Code + RO Data + RW Data)      80240 (  78.36kB)

==============================================================================

